18:11:32 **** Build of configuration Debug for project KL25Z_Huffman_Encoding ****
make -r -j16 all 
Building file: ../utilities/fsl_debug_console.c
Building file: ../startup/startup_mkl25z4.c
Building file: ../source/KL25Z_Huffman_Encoding.c
Invoking: MCU C Compiler
Invoking: MCU C Compiler
arm-none-eabi-gcc -D__REDLIB__ -DCPU_MKL25Z128VLK4 -DCPU_MKL25Z128VLK4_cm0plus -DFSL_RTOS_BM -DSDK_OS_BAREMETAL -DSDK_DEBUGCONSOLE=0 -DCR_INTEGER_PRINTF -DPRINTF_FLOAT_ENABLE=0 -DSDK_DEBUGCONSOLE_UART -D__MCUXPRESSO -D__USE_CMSIS -DDEBUG -I"C:\Courses\Sem-2\PES\Assignments\Course Project\Huffman_coding\KL25Z_Huffman_Encoding\board" -I"C:\Courses\Sem-2\PES\Assignments\Course Project\Huffman_coding\KL25Z_Huffman_Encoding\source" -I"C:\Courses\Sem-2\PES\Assignments\Course Project\Huffman_coding\KL25Z_Huffman_Encoding" -I"C:\Courses\Sem-2\PES\Assignments\Course Project\Huffman_coding\KL25Z_Huffman_Encoding\drivers" -I"C:\Courses\Sem-2\PES\Assignments\Course Project\Huffman_coding\KL25Z_Huffman_Encoding\CMSIS" -I"C:\Courses\Sem-2\PES\Assignments\Course Project\Huffman_coding\KL25Z_Huffman_Encoding\utilities" -I"C:\Courses\Sem-2\PES\Assignments\Course Project\Huffman_coding\KL25Z_Huffman_Encoding\startup" -O0 -fno-common -g3 -Wall -c -fmessage-length=0 -fno-builtin -ffunction-sections -fdata-sections -fmerge-constants -fmacro-prefix-map="../utilities/"=. -mcpu=cortex-m0plus -mthumb -D__REDLIB__ -fstack-usage -specs=redlib.specs -MMD -MP -MF"utilities/fsl_debug_console.d" -MT"utilities/fsl_debug_console.o" -MT"utilities/fsl_debug_console.d" -o "utilities/fsl_debug_console.o" "../utilities/fsl_debug_console.c"
Invoking: MCU C Compiler
arm-none-eabi-gcc -D__REDLIB__ -DCPU_MKL25Z128VLK4 -DCPU_MKL25Z128VLK4_cm0plus -DFSL_RTOS_BM -DSDK_OS_BAREMETAL -DSDK_DEBUGCONSOLE=0 -DCR_INTEGER_PRINTF -DPRINTF_FLOAT_ENABLE=0 -DSDK_DEBUGCONSOLE_UART -D__MCUXPRESSO -D__USE_CMSIS -DDEBUG -I"C:\Courses\Sem-2\PES\Assignments\Course Project\Huffman_coding\KL25Z_Huffman_Encoding\board" -I"C:\Courses\Sem-2\PES\Assignments\Course Project\Huffman_coding\KL25Z_Huffman_Encoding\source" -I"C:\Courses\Sem-2\PES\Assignments\Course Project\Huffman_coding\KL25Z_Huffman_Encoding" -I"C:\Courses\Sem-2\PES\Assignments\Course Project\Huffman_coding\KL25Z_Huffman_Encoding\drivers" -I"C:\Courses\Sem-2\PES\Assignments\Course Project\Huffman_coding\KL25Z_Huffman_Encoding\CMSIS" -I"C:\Courses\Sem-2\PES\Assignments\Course Project\Huffman_coding\KL25Z_Huffman_Encoding\utilities" -I"C:\Courses\Sem-2\PES\Assignments\Course Project\Huffman_coding\KL25Z_Huffman_Encoding\startup" -O0 -fno-common -g3 -Wall -c -fmessage-length=0 -fno-builtin -ffunction-sections -fdata-sections -fmerge-constants -fmacro-prefix-map="../startup/"=. -mcpu=cortex-m0plus -mthumb -D__REDLIB__ -fstack-usage -specs=redlib.specs -MMD -MP -MF"startup/startup_mkl25z4.d" -MT"startup/startup_mkl25z4.o" -MT"startup/startup_mkl25z4.d" -o "startup/startup_mkl25z4.o" "../startup/startup_mkl25z4.c"
arm-none-eabi-gcc -D__REDLIB__ -DCPU_MKL25Z128VLK4 -DCPU_MKL25Z128VLK4_cm0plus -DFSL_RTOS_BM -DSDK_OS_BAREMETAL -DSDK_DEBUGCONSOLE=0 -DCR_INTEGER_PRINTF -DPRINTF_FLOAT_ENABLE=0 -DSDK_DEBUGCONSOLE_UART -D__MCUXPRESSO -D__USE_CMSIS -DDEBUG -I"C:\Courses\Sem-2\PES\Assignments\Course Project\Huffman_coding\KL25Z_Huffman_Encoding\board" -I"C:\Courses\Sem-2\PES\Assignments\Course Project\Huffman_coding\KL25Z_Huffman_Encoding\source" -I"C:\Courses\Sem-2\PES\Assignments\Course Project\Huffman_coding\KL25Z_Huffman_Encoding" -I"C:\Courses\Sem-2\PES\Assignments\Course Project\Huffman_coding\KL25Z_Huffman_Encoding\drivers" -I"C:\Courses\Sem-2\PES\Assignments\Course Project\Huffman_coding\KL25Z_Huffman_Encoding\CMSIS" -I"C:\Courses\Sem-2\PES\Assignments\Course Project\Huffman_coding\KL25Z_Huffman_Encoding\utilities" -I"C:\Courses\Sem-2\PES\Assignments\Course Project\Huffman_coding\KL25Z_Huffman_Encoding\startup" -O0 -fno-common -g3 -Wall -c -fmessage-length=0 -fno-builtin -ffunction-sections -fdata-sections -fmerge-constants -fmacro-prefix-map="../source/"=. -mcpu=cortex-m0plus -mthumb -D__REDLIB__ -fstack-usage -specs=redlib.specs -MMD -MP -MF"source/KL25Z_Huffman_Encoding.d" -MT"source/KL25Z_Huffman_Encoding.o" -MT"source/KL25Z_Huffman_Encoding.d" -o "source/KL25Z_Huffman_Encoding.o" "../source/KL25Z_Huffman_Encoding.c"
Building file: ../source/cbfifo.c
Building file: ../source/mtb.c
Invoking: MCU C Compiler
arm-none-eabi-gcc -D__REDLIB__ -DCPU_MKL25Z128VLK4 -DCPU_MKL25Z128VLK4_cm0plus -DFSL_RTOS_BM -DSDK_OS_BAREMETAL -DSDK_DEBUGCONSOLE=0 -DCR_INTEGER_PRINTF -DPRINTF_FLOAT_ENABLE=0 -DSDK_DEBUGCONSOLE_UART -D__MCUXPRESSO -D__USE_CMSIS -DDEBUG -I"C:\Courses\Sem-2\PES\Assignments\Course Project\Huffman_coding\KL25Z_Huffman_Encoding\board" -I"C:\Courses\Sem-2\PES\Assignments\Course Project\Huffman_coding\KL25Z_Huffman_Encoding\source" -I"C:\Courses\Sem-2\PES\Assignments\Course Project\Huffman_coding\KL25Z_Huffman_Encoding" -I"C:\Courses\Sem-2\PES\Assignments\Course Project\Huffman_coding\KL25Z_Huffman_Encoding\drivers" -I"C:\Courses\Sem-2\PES\Assignments\Course Project\Huffman_coding\KL25Z_Huffman_Encoding\CMSIS" -I"C:\Courses\Sem-2\PES\Assignments\Course Project\Huffman_coding\KL25Z_Huffman_Encoding\utilities" -I"C:\Courses\Sem-2\PES\Assignments\Course Project\Huffman_coding\KL25Z_Huffman_Encoding\startup" -O0 -fno-common -g3 -Wall -c -fmessage-length=0 -fno-builtin -ffunction-sections -fdata-sections -fmerge-constants -fmacro-prefix-map="../source/"=. -mcpu=cortex-m0plus -mthumb -D__REDLIB__ -fstack-usage -specs=redlib.specs -MMD -MP -MF"source/cbfifo.d" -MT"source/cbfifo.o" -MT"source/cbfifo.d" -o "source/cbfifo.o" "../source/cbfifo.c"
Invoking: MCU C Compiler
arm-none-eabi-gcc -D__REDLIB__ -DCPU_MKL25Z128VLK4 -DCPU_MKL25Z128VLK4_cm0plus -DFSL_RTOS_BM -DSDK_OS_BAREMETAL -DSDK_DEBUGCONSOLE=0 -DCR_INTEGER_PRINTF -DPRINTF_FLOAT_ENABLE=0 -DSDK_DEBUGCONSOLE_UART -D__MCUXPRESSO -D__USE_CMSIS -DDEBUG -I"C:\Courses\Sem-2\PES\Assignments\Course Project\Huffman_coding\KL25Z_Huffman_Encoding\board" -I"C:\Courses\Sem-2\PES\Assignments\Course Project\Huffman_coding\KL25Z_Huffman_Encoding\source" -I"C:\Courses\Sem-2\PES\Assignments\Course Project\Huffman_coding\KL25Z_Huffman_Encoding" -I"C:\Courses\Sem-2\PES\Assignments\Course Project\Huffman_coding\KL25Z_Huffman_Encoding\drivers" -I"C:\Courses\Sem-2\PES\Assignments\Course Project\Huffman_coding\KL25Z_Huffman_Encoding\CMSIS" -I"C:\Courses\Sem-2\PES\Assignments\Course Project\Huffman_coding\KL25Z_Huffman_Encoding\utilities" -I"C:\Courses\Sem-2\PES\Assignments\Course Project\Huffman_coding\KL25Z_Huffman_Encoding\startup" -O0 -fno-common -g3 -Wall -c -fmessage-length=0 -fno-builtin -ffunction-sections -fdata-sections -fmerge-constants -fmacro-prefix-map="../source/"=. -mcpu=cortex-m0plus -mthumb -D__REDLIB__ -fstack-usage -specs=redlib.specs -MMD -MP -MF"source/mtb.d" -MT"source/mtb.o" -MT"source/mtb.d" -o "source/mtb.o" "../source/mtb.c"
Building file: ../source/semihost_hardfault.c
Building file: ../source/sysclock.c
Invoking: MCU C Compiler
Invoking: MCU C Compiler
Finished building: ../startup/startup_mkl25z4.c
Finished building: ../utilities/fsl_debug_console.c
Finished building: ../source/KL25Z_Huffman_Encoding.c
arm-none-eabi-gcc -D__REDLIB__ -DCPU_MKL25Z128VLK4 -DCPU_MKL25Z128VLK4_cm0plus -DFSL_RTOS_BM -DSDK_OS_BAREMETAL -DSDK_DEBUGCONSOLE=0 -DCR_INTEGER_PRINTF -DPRINTF_FLOAT_ENABLE=0 -DSDK_DEBUGCONSOLE_UART -D__MCUXPRESSO -D__USE_CMSIS -DDEBUG -I"C:\Courses\Sem-2\PES\Assignments\Course Project\Huffman_coding\KL25Z_Huffman_Encoding\board" -I"C:\Courses\Sem-2\PES\Assignments\Course Project\Huffman_coding\KL25Z_Huffman_Encoding\source" -I"C:\Courses\Sem-2\PES\Assignments\Course Project\Huffman_coding\KL25Z_Huffman_Encoding" -I"C:\Courses\Sem-2\PES\Assignments\Course Project\Huffman_coding\KL25Z_Huffman_Encoding\drivers" -I"C:\Courses\Sem-2\PES\Assignments\Course Project\Huffman_coding\KL25Z_Huffman_Encoding\CMSIS" -I"C:\Courses\Sem-2\PES\Assignments\Course Project\Huffman_coding\KL25Z_Huffman_Encoding\utilities" -I"C:\Courses\Sem-2\PES\Assignments\Course Project\Huffman_coding\KL25Z_Huffman_Encoding\startup" -O0 -fno-common -g3 -Wall -c -fmessage-length=0 -fno-builtin -ffunction-sections -fdata-sections -fmerge-constants -fmacro-prefix-map="../source/"=. -mcpu=cortex-m0plus -mthumb -D__REDLIB__ -fstack-usage -specs=redlib.specs -MMD -MP -MF"source/semihost_hardfault.d" -MT"source/semihost_hardfault.o" -MT"source/semihost_hardfault.d" -o "source/semihost_hardfault.o" "../source/semihost_hardfault.c"
Finished building: ../source/mtb.c
arm-none-eabi-gcc -D__REDLIB__ -DCPU_MKL25Z128VLK4 -DCPU_MKL25Z128VLK4_cm0plus -DFSL_RTOS_BM -DSDK_OS_BAREMETAL -DSDK_DEBUGCONSOLE=0 -DCR_INTEGER_PRINTF -DPRINTF_FLOAT_ENABLE=0 -DSDK_DEBUGCONSOLE_UART -D__MCUXPRESSO -D__USE_CMSIS -DDEBUG -I"C:\Courses\Sem-2\PES\Assignments\Course Project\Huffman_coding\KL25Z_Huffman_Encoding\board" -I"C:\Courses\Sem-2\PES\Assignments\Course Project\Huffman_coding\KL25Z_Huffman_Encoding\source" -I"C:\Courses\Sem-2\PES\Assignments\Course Project\Huffman_coding\KL25Z_Huffman_Encoding" -I"C:\Courses\Sem-2\PES\Assignments\Course Project\Huffman_coding\KL25Z_Huffman_Encoding\drivers" -I"C:\Courses\Sem-2\PES\Assignments\Course Project\Huffman_coding\KL25Z_Huffman_Encoding\CMSIS" -I"C:\Courses\Sem-2\PES\Assignments\Course Project\Huffman_coding\KL25Z_Huffman_Encoding\utilities" -I"C:\Courses\Sem-2\PES\Assignments\Course Project\Huffman_coding\KL25Z_Huffman_Encoding\startup" -O0 -fno-common -g3 -Wall -c -fmessage-length=0 -fno-builtin -ffunction-sections -fdata-sections -fmerge-constants -fmacro-prefix-map="../source/"=. -mcpu=cortex-m0plus -mthumb -D__REDLIB__ -fstack-usage -specs=redlib.specs -MMD -MP -MF"source/sysclock.d" -MT"source/sysclock.o" -MT"source/sysclock.d" -o "source/sysclock.o" "../source/sysclock.c"
 
Finished building: ../source/cbfifo.c
 
 
 
 
Building file: ../source/test_cbfifo.c
Building file: ../source/uart.c
Invoking: MCU C Compiler
Finished building: ../source/semihost_hardfault.c
arm-none-eabi-gcc -D__REDLIB__ -DCPU_MKL25Z128VLK4 -DCPU_MKL25Z128VLK4_cm0plus -DFSL_RTOS_BM -DSDK_OS_BAREMETAL -DSDK_DEBUGCONSOLE=0 -DCR_INTEGER_PRINTF -DPRINTF_FLOAT_ENABLE=0 -DSDK_DEBUGCONSOLE_UART -D__MCUXPRESSO -D__USE_CMSIS -DDEBUG -I"C:\Courses\Sem-2\PES\Assignments\Course Project\Huffman_coding\KL25Z_Huffman_Encoding\board" -I"C:\Courses\Sem-2\PES\Assignments\Course Project\Huffman_coding\KL25Z_Huffman_Encoding\source" -I"C:\Courses\Sem-2\PES\Assignments\Course Project\Huffman_coding\KL25Z_Huffman_Encoding" -I"C:\Courses\Sem-2\PES\Assignments\Course Project\Huffman_coding\KL25Z_Huffman_Encoding\drivers" -I"C:\Courses\Sem-2\PES\Assignments\Course Project\Huffman_coding\KL25Z_Huffman_Encoding\CMSIS" -I"C:\Courses\Sem-2\PES\Assignments\Course Project\Huffman_coding\KL25Z_Huffman_Encoding\utilities" -I"C:\Courses\Sem-2\PES\Assignments\Course Project\Huffman_coding\KL25Z_Huffman_Encoding\startup" -O0 -fno-common -g3 -Wall -c -fmessage-length=0 -fno-builtin -ffunction-sections -fdata-sections -fmerge-constants -fmacro-prefix-map="../source/"=. -mcpu=cortex-m0plus -mthumb -D__REDLIB__ -fstack-usage -specs=redlib.specs -MMD -MP -MF"source/test_cbfifo.d" -MT"source/test_cbfifo.o" -MT"source/test_cbfifo.d" -o "source/test_cbfifo.o" "../source/test_cbfifo.c"
Invoking: MCU C Compiler
arm-none-eabi-gcc -D__REDLIB__ -DCPU_MKL25Z128VLK4 -DCPU_MKL25Z128VLK4_cm0plus -DFSL_RTOS_BM -DSDK_OS_BAREMETAL -DSDK_DEBUGCONSOLE=0 -DCR_INTEGER_PRINTF -DPRINTF_FLOAT_ENABLE=0 -DSDK_DEBUGCONSOLE_UART -D__MCUXPRESSO -D__USE_CMSIS -DDEBUG -I"C:\Courses\Sem-2\PES\Assignments\Course Project\Huffman_coding\KL25Z_Huffman_Encoding\board" -I"C:\Courses\Sem-2\PES\Assignments\Course Project\Huffman_coding\KL25Z_Huffman_Encoding\source" -I"C:\Courses\Sem-2\PES\Assignments\Course Project\Huffman_coding\KL25Z_Huffman_Encoding" -I"C:\Courses\Sem-2\PES\Assignments\Course Project\Huffman_coding\KL25Z_Huffman_Encoding\drivers" -I"C:\Courses\Sem-2\PES\Assignments\Course Project\Huffman_coding\KL25Z_Huffman_Encoding\CMSIS" -I"C:\Courses\Sem-2\PES\Assignments\Course Project\Huffman_coding\KL25Z_Huffman_Encoding\utilities" -I"C:\Courses\Sem-2\PES\Assignments\Course Project\Huffman_coding\KL25Z_Huffman_Encoding\startup" -O0 -fno-common -g3 -Wall -c -fmessage-length=0 -fno-builtin -ffunction-sections -fdata-sections -fmerge-constants -fmacro-prefix-map="../source/"=. -mcpu=cortex-m0plus -mthumb -D__REDLIB__ -fstack-usage -specs=redlib.specs -MMD -MP -MF"source/uart.d" -MT"source/uart.o" -MT"source/uart.d" -o "source/uart.o" "../source/uart.c"
 
Finished building: ../source/sysclock.c
Building file: ../drivers/fsl_clock.c
 
Invoking: MCU C Compiler
arm-none-eabi-gcc -D__REDLIB__ -DCPU_MKL25Z128VLK4 -DCPU_MKL25Z128VLK4_cm0plus -DFSL_RTOS_BM -DSDK_OS_BAREMETAL -DSDK_DEBUGCONSOLE=0 -DCR_INTEGER_PRINTF -DPRINTF_FLOAT_ENABLE=0 -DSDK_DEBUGCONSOLE_UART -D__MCUXPRESSO -D__USE_CMSIS -DDEBUG -I"C:\Courses\Sem-2\PES\Assignments\Course Project\Huffman_coding\KL25Z_Huffman_Encoding\board" -I"C:\Courses\Sem-2\PES\Assignments\Course Project\Huffman_coding\KL25Z_Huffman_Encoding\source" -I"C:\Courses\Sem-2\PES\Assignments\Course Project\Huffman_coding\KL25Z_Huffman_Encoding" -I"C:\Courses\Sem-2\PES\Assignments\Course Project\Huffman_coding\KL25Z_Huffman_Encoding\drivers" -I"C:\Courses\Sem-2\PES\Assignments\Course Project\Huffman_coding\KL25Z_Huffman_Encoding\CMSIS" -I"C:\Courses\Sem-2\PES\Assignments\Course Project\Huffman_coding\KL25Z_Huffman_Encoding\utilities" -I"C:\Courses\Sem-2\PES\Assignments\Course Project\Huffman_coding\KL25Z_Huffman_Encoding\startup" -O0 -fno-common -g3 -Wall -c -fmessage-length=0 -fno-builtin -ffunction-sections -fdata-sections -fmerge-constants -fmacro-prefix-map="../drivers/"=. -mcpu=cortex-m0plus -mthumb -D__REDLIB__ -fstack-usage -specs=redlib.specs -MMD -MP -MF"drivers/fsl_clock.d" -MT"drivers/fsl_clock.o" -MT"drivers/fsl_clock.d" -o "drivers/fsl_clock.o" "../drivers/fsl_clock.c"
Building file: ../drivers/fsl_common.c
Invoking: MCU C Compiler
arm-none-eabi-gcc -D__REDLIB__ -DCPU_MKL25Z128VLK4 -DCPU_MKL25Z128VLK4_cm0plus -DFSL_RTOS_BM -DSDK_OS_BAREMETAL -DSDK_DEBUGCONSOLE=0 -DCR_INTEGER_PRINTF -DPRINTF_FLOAT_ENABLE=0 -DSDK_DEBUGCONSOLE_UART -D__MCUXPRESSO -D__USE_CMSIS -DDEBUG -I"C:\Courses\Sem-2\PES\Assignments\Course Project\Huffman_coding\KL25Z_Huffman_Encoding\board" -I"C:\Courses\Sem-2\PES\Assignments\Course Project\Huffman_coding\KL25Z_Huffman_Encoding\source" -I"C:\Courses\Sem-2\PES\Assignments\Course Project\Huffman_coding\KL25Z_Huffman_Encoding" -I"C:\Courses\Sem-2\PES\Assignments\Course Project\Huffman_coding\KL25Z_Huffman_Encoding\drivers" -I"C:\Courses\Sem-2\PES\Assignments\Course Project\Huffman_coding\KL25Z_Huffman_Encoding\CMSIS" -I"C:\Courses\Sem-2\PES\Assignments\Course Project\Huffman_coding\KL25Z_Huffman_Encoding\utilities" -I"C:\Courses\Sem-2\PES\Assignments\Course Project\Huffman_coding\KL25Z_Huffman_Encoding\startup" -O0 -fno-common -g3 -Wall -c -fmessage-length=0 -fno-builtin -ffunction-sections -fdata-sections -fmerge-constants -fmacro-prefix-map="../drivers/"=. -mcpu=cortex-m0plus -mthumb -D__REDLIB__ -fstack-usage -specs=redlib.specs -MMD -MP -MF"drivers/fsl_common.d" -MT"drivers/fsl_common.o" -MT"drivers/fsl_common.d" -o "drivers/fsl_common.o" "../drivers/fsl_common.c"
Building file: ../drivers/fsl_flash.c
Invoking: MCU C Compiler
Building file: ../drivers/fsl_gpio.c
arm-none-eabi-gcc -D__REDLIB__ -DCPU_MKL25Z128VLK4 -DCPU_MKL25Z128VLK4_cm0plus -DFSL_RTOS_BM -DSDK_OS_BAREMETAL -DSDK_DEBUGCONSOLE=0 -DCR_INTEGER_PRINTF -DPRINTF_FLOAT_ENABLE=0 -DSDK_DEBUGCONSOLE_UART -D__MCUXPRESSO -D__USE_CMSIS -DDEBUG -I"C:\Courses\Sem-2\PES\Assignments\Course Project\Huffman_coding\KL25Z_Huffman_Encoding\board" -I"C:\Courses\Sem-2\PES\Assignments\Course Project\Huffman_coding\KL25Z_Huffman_Encoding\source" -I"C:\Courses\Sem-2\PES\Assignments\Course Project\Huffman_coding\KL25Z_Huffman_Encoding" -I"C:\Courses\Sem-2\PES\Assignments\Course Project\Huffman_coding\KL25Z_Huffman_Encoding\drivers" -I"C:\Courses\Sem-2\PES\Assignments\Course Project\Huffman_coding\KL25Z_Huffman_Encoding\CMSIS" -I"C:\Courses\Sem-2\PES\Assignments\Course Project\Huffman_coding\KL25Z_Huffman_Encoding\utilities" -I"C:\Courses\Sem-2\PES\Assignments\Course Project\Huffman_coding\KL25Z_Huffman_Encoding\startup" -O0 -fno-common -g3 -Wall -c -fmessage-length=0 -fno-builtin -ffunction-sections -fdata-sections -fmerge-constants -fmacro-prefix-map="../drivers/"=. -mcpu=cortex-m0plus -mthumb -D__REDLIB__ -fstack-usage -specs=redlib.specs -MMD -MP -MF"drivers/fsl_flash.d" -MT"drivers/fsl_flash.o" -MT"drivers/fsl_flash.d" -o "drivers/fsl_flash.o" "../drivers/fsl_flash.c"
Finished building: ../source/test_cbfifo.c
Finished building: ../source/uart.c
Invoking: MCU C Compiler
 
arm-none-eabi-gcc -D__REDLIB__ -DCPU_MKL25Z128VLK4 -DCPU_MKL25Z128VLK4_cm0plus -DFSL_RTOS_BM -DSDK_OS_BAREMETAL -DSDK_DEBUGCONSOLE=0 -DCR_INTEGER_PRINTF -DPRINTF_FLOAT_ENABLE=0 -DSDK_DEBUGCONSOLE_UART -D__MCUXPRESSO -D__USE_CMSIS -DDEBUG -I"C:\Courses\Sem-2\PES\Assignments\Course Project\Huffman_coding\KL25Z_Huffman_Encoding\board" -I"C:\Courses\Sem-2\PES\Assignments\Course Project\Huffman_coding\KL25Z_Huffman_Encoding\source" -I"C:\Courses\Sem-2\PES\Assignments\Course Project\Huffman_coding\KL25Z_Huffman_Encoding" -I"C:\Courses\Sem-2\PES\Assignments\Course Project\Huffman_coding\KL25Z_Huffman_Encoding\drivers" -I"C:\Courses\Sem-2\PES\Assignments\Course Project\Huffman_coding\KL25Z_Huffman_Encoding\CMSIS" -I"C:\Courses\Sem-2\PES\Assignments\Course Project\Huffman_coding\KL25Z_Huffman_Encoding\utilities" -I"C:\Courses\Sem-2\PES\Assignments\Course Project\Huffman_coding\KL25Z_Huffman_Encoding\startup" -O0 -fno-common -g3 -Wall -c -fmessage-length=0 -fno-builtin -ffunction-sections -fdata-sections -fmerge-constants -fmacro-prefix-map="../drivers/"=. -mcpu=cortex-m0plus -mthumb -D__REDLIB__ -fstack-usage -specs=redlib.specs -MMD -MP -MF"drivers/fsl_gpio.d" -MT"drivers/fsl_gpio.o" -MT"drivers/fsl_gpio.d" -o "drivers/fsl_gpio.o" "../drivers/fsl_gpio.c"
 
Building file: ../drivers/fsl_lpsci.c
Building file: ../drivers/fsl_smc.c
Invoking: MCU C Compiler
Finished building: ../drivers/fsl_common.c
arm-none-eabi-gcc -D__REDLIB__ -DCPU_MKL25Z128VLK4 -DCPU_MKL25Z128VLK4_cm0plus -DFSL_RTOS_BM -DSDK_OS_BAREMETAL -DSDK_DEBUGCONSOLE=0 -DCR_INTEGER_PRINTF -DPRINTF_FLOAT_ENABLE=0 -DSDK_DEBUGCONSOLE_UART -D__MCUXPRESSO -D__USE_CMSIS -DDEBUG -I"C:\Courses\Sem-2\PES\Assignments\Course Project\Huffman_coding\KL25Z_Huffman_Encoding\board" -I"C:\Courses\Sem-2\PES\Assignments\Course Project\Huffman_coding\KL25Z_Huffman_Encoding\source" -I"C:\Courses\Sem-2\PES\Assignments\Course Project\Huffman_coding\KL25Z_Huffman_Encoding" -I"C:\Courses\Sem-2\PES\Assignments\Course Project\Huffman_coding\KL25Z_Huffman_Encoding\drivers" -I"C:\Courses\Sem-2\PES\Assignments\Course Project\Huffman_coding\KL25Z_Huffman_Encoding\CMSIS" -I"C:\Courses\Sem-2\PES\Assignments\Course Project\Huffman_coding\KL25Z_Huffman_Encoding\utilities" -I"C:\Courses\Sem-2\PES\Assignments\Course Project\Huffman_coding\KL25Z_Huffman_Encoding\startup" -O0 -fno-common -g3 -Wall -c -fmessage-length=0 -fno-builtin -ffunction-sections -fdata-sections -fmerge-constants -fmacro-prefix-map="../drivers/"=. -mcpu=cortex-m0plus -mthumb -D__REDLIB__ -fstack-usage -specs=redlib.specs -MMD -MP -MF"drivers/fsl_lpsci.d" -MT"drivers/fsl_lpsci.o" -MT"drivers/fsl_lpsci.d" -o "drivers/fsl_lpsci.o" "../drivers/fsl_lpsci.c"
Invoking: MCU C Compiler
Finished building: ../drivers/fsl_clock.c
arm-none-eabi-gcc -D__REDLIB__ -DCPU_MKL25Z128VLK4 -DCPU_MKL25Z128VLK4_cm0plus -DFSL_RTOS_BM -DSDK_OS_BAREMETAL -DSDK_DEBUGCONSOLE=0 -DCR_INTEGER_PRINTF -DPRINTF_FLOAT_ENABLE=0 -DSDK_DEBUGCONSOLE_UART -D__MCUXPRESSO -D__USE_CMSIS -DDEBUG -I"C:\Courses\Sem-2\PES\Assignments\Course Project\Huffman_coding\KL25Z_Huffman_Encoding\board" -I"C:\Courses\Sem-2\PES\Assignments\Course Project\Huffman_coding\KL25Z_Huffman_Encoding\source" -I"C:\Courses\Sem-2\PES\Assignments\Course Project\Huffman_coding\KL25Z_Huffman_Encoding" -I"C:\Courses\Sem-2\PES\Assignments\Course Project\Huffman_coding\KL25Z_Huffman_Encoding\drivers" -I"C:\Courses\Sem-2\PES\Assignments\Course Project\Huffman_coding\KL25Z_Huffman_Encoding\CMSIS" -I"C:\Courses\Sem-2\PES\Assignments\Course Project\Huffman_coding\KL25Z_Huffman_Encoding\utilities" -I"C:\Courses\Sem-2\PES\Assignments\Course Project\Huffman_coding\KL25Z_Huffman_Encoding\startup" -O0 -fno-common -g3 -Wall -c -fmessage-length=0 -fno-builtin -ffunction-sections -fdata-sections -fmerge-constants -fmacro-prefix-map="../drivers/"=. -mcpu=cortex-m0plus -mthumb -D__REDLIB__ -fstack-usage -specs=redlib.specs -MMD -MP -MF"drivers/fsl_smc.d" -MT"drivers/fsl_smc.o" -MT"drivers/fsl_smc.d" -o "drivers/fsl_smc.o" "../drivers/fsl_smc.c"
 
 
Building file: ../drivers/fsl_uart.c
Finished building: ../drivers/fsl_flash.c
Invoking: MCU C Compiler
Finished building: ../drivers/fsl_gpio.c
arm-none-eabi-gcc -D__REDLIB__ -DCPU_MKL25Z128VLK4 -DCPU_MKL25Z128VLK4_cm0plus -DFSL_RTOS_BM -DSDK_OS_BAREMETAL -DSDK_DEBUGCONSOLE=0 -DCR_INTEGER_PRINTF -DPRINTF_FLOAT_ENABLE=0 -DSDK_DEBUGCONSOLE_UART -D__MCUXPRESSO -D__USE_CMSIS -DDEBUG -I"C:\Courses\Sem-2\PES\Assignments\Course Project\Huffman_coding\KL25Z_Huffman_Encoding\board" -I"C:\Courses\Sem-2\PES\Assignments\Course Project\Huffman_coding\KL25Z_Huffman_Encoding\source" -I"C:\Courses\Sem-2\PES\Assignments\Course Project\Huffman_coding\KL25Z_Huffman_Encoding" -I"C:\Courses\Sem-2\PES\Assignments\Course Project\Huffman_coding\KL25Z_Huffman_Encoding\drivers" -I"C:\Courses\Sem-2\PES\Assignments\Course Project\Huffman_coding\KL25Z_Huffman_Encoding\CMSIS" -I"C:\Courses\Sem-2\PES\Assignments\Course Project\Huffman_coding\KL25Z_Huffman_Encoding\utilities" -I"C:\Courses\Sem-2\PES\Assignments\Course Project\Huffman_coding\KL25Z_Huffman_Encoding\startup" -O0 -fno-common -g3 -Wall -c -fmessage-length=0 -fno-builtin -ffunction-sections -fdata-sections -fmerge-constants -fmacro-prefix-map="../drivers/"=. -mcpu=cortex-m0plus -mthumb -D__REDLIB__ -fstack-usage -specs=redlib.specs -MMD -MP -MF"drivers/fsl_uart.d" -MT"drivers/fsl_uart.o" -MT"drivers/fsl_uart.d" -o "drivers/fsl_uart.o" "../drivers/fsl_uart.c"
 
 
Building file: ../board/board.c
Building file: ../board/clock_config.c
Invoking: MCU C Compiler
arm-none-eabi-gcc -D__REDLIB__ -DCPU_MKL25Z128VLK4 -DCPU_MKL25Z128VLK4_cm0plus -DFSL_RTOS_BM -DSDK_OS_BAREMETAL -DSDK_DEBUGCONSOLE=0 -DCR_INTEGER_PRINTF -DPRINTF_FLOAT_ENABLE=0 -DSDK_DEBUGCONSOLE_UART -D__MCUXPRESSO -D__USE_CMSIS -DDEBUG -I"C:\Courses\Sem-2\PES\Assignments\Course Project\Huffman_coding\KL25Z_Huffman_Encoding\board" -I"C:\Courses\Sem-2\PES\Assignments\Course Project\Huffman_coding\KL25Z_Huffman_Encoding\source" -I"C:\Courses\Sem-2\PES\Assignments\Course Project\Huffman_coding\KL25Z_Huffman_Encoding" -I"C:\Courses\Sem-2\PES\Assignments\Course Project\Huffman_coding\KL25Z_Huffman_Encoding\drivers" -I"C:\Courses\Sem-2\PES\Assignments\Course Project\Huffman_coding\KL25Z_Huffman_Encoding\CMSIS" -I"C:\Courses\Sem-2\PES\Assignments\Course Project\Huffman_coding\KL25Z_Huffman_Encoding\utilities" -I"C:\Courses\Sem-2\PES\Assignments\Course Project\Huffman_coding\KL25Z_Huffman_Encoding\startup" -O0 -fno-common -g3 -Wall -c -fmessage-length=0 -fno-builtin -ffunction-sections -fdata-sections -fmerge-constants -fmacro-prefix-map="../board/"=. -mcpu=cortex-m0plus -mthumb -D__REDLIB__ -fstack-usage -specs=redlib.specs -MMD -MP -MF"board/board.d" -MT"board/board.o" -MT"board/board.d" -o "board/board.o" "../board/board.c"
Invoking: MCU C Compiler
arm-none-eabi-gcc -D__REDLIB__ -DCPU_MKL25Z128VLK4 -DCPU_MKL25Z128VLK4_cm0plus -DFSL_RTOS_BM -DSDK_OS_BAREMETAL -DSDK_DEBUGCONSOLE=0 -DCR_INTEGER_PRINTF -DPRINTF_FLOAT_ENABLE=0 -DSDK_DEBUGCONSOLE_UART -D__MCUXPRESSO -D__USE_CMSIS -DDEBUG -I"C:\Courses\Sem-2\PES\Assignments\Course Project\Huffman_coding\KL25Z_Huffman_Encoding\board" -I"C:\Courses\Sem-2\PES\Assignments\Course Project\Huffman_coding\KL25Z_Huffman_Encoding\source" -I"C:\Courses\Sem-2\PES\Assignments\Course Project\Huffman_coding\KL25Z_Huffman_Encoding" -I"C:\Courses\Sem-2\PES\Assignments\Course Project\Huffman_coding\KL25Z_Huffman_Encoding\drivers" -I"C:\Courses\Sem-2\PES\Assignments\Course Project\Huffman_coding\KL25Z_Huffman_Encoding\CMSIS" -I"C:\Courses\Sem-2\PES\Assignments\Course Project\Huffman_coding\KL25Z_Huffman_Encoding\utilities" -I"C:\Courses\Sem-2\PES\Assignments\Course Project\Huffman_coding\KL25Z_Huffman_Encoding\startup" -O0 -fno-common -g3 -Wall -c -fmessage-length=0 -fno-builtin -ffunction-sections -fdata-sections -fmerge-constants -fmacro-prefix-map="../board/"=. -mcpu=cortex-m0plus -mthumb -D__REDLIB__ -fstack-usage -specs=redlib.specs -MMD -MP -MF"board/clock_config.d" -MT"board/clock_config.o" -MT"board/clock_config.d" -o "board/clock_config.o" "../board/clock_config.c"
Finished building: ../drivers/fsl_lpsci.c
Finished building: ../drivers/fsl_smc.c
 
 
Building file: ../board/peripherals.c
Building file: ../board/pin_mux.c
Invoking: MCU C Compiler
arm-none-eabi-gcc -D__REDLIB__ -DCPU_MKL25Z128VLK4 -DCPU_MKL25Z128VLK4_cm0plus -DFSL_RTOS_BM -DSDK_OS_BAREMETAL -DSDK_DEBUGCONSOLE=0 -DCR_INTEGER_PRINTF -DPRINTF_FLOAT_ENABLE=0 -DSDK_DEBUGCONSOLE_UART -D__MCUXPRESSO -D__USE_CMSIS -DDEBUG -I"C:\Courses\Sem-2\PES\Assignments\Course Project\Huffman_coding\KL25Z_Huffman_Encoding\board" -I"C:\Courses\Sem-2\PES\Assignments\Course Project\Huffman_coding\KL25Z_Huffman_Encoding\source" -I"C:\Courses\Sem-2\PES\Assignments\Course Project\Huffman_coding\KL25Z_Huffman_Encoding" -I"C:\Courses\Sem-2\PES\Assignments\Course Project\Huffman_coding\KL25Z_Huffman_Encoding\drivers" -I"C:\Courses\Sem-2\PES\Assignments\Course Project\Huffman_coding\KL25Z_Huffman_Encoding\CMSIS" -I"C:\Courses\Sem-2\PES\Assignments\Course Project\Huffman_coding\KL25Z_Huffman_Encoding\utilities" -I"C:\Courses\Sem-2\PES\Assignments\Course Project\Huffman_coding\KL25Z_Huffman_Encoding\startup" -O0 -fno-common -g3 -Wall -c -fmessage-length=0 -fno-builtin -ffunction-sections -fdata-sections -fmerge-constants -fmacro-prefix-map="../board/"=. -mcpu=cortex-m0plus -mthumb -D__REDLIB__ -fstack-usage -specs=redlib.specs -MMD -MP -MF"board/peripherals.d" -MT"board/peripherals.o" -MT"board/peripherals.d" -o "board/peripherals.o" "../board/peripherals.c"
Invoking: MCU C Compiler
arm-none-eabi-gcc -D__REDLIB__ -DCPU_MKL25Z128VLK4 -DCPU_MKL25Z128VLK4_cm0plus -DFSL_RTOS_BM -DSDK_OS_BAREMETAL -DSDK_DEBUGCONSOLE=0 -DCR_INTEGER_PRINTF -DPRINTF_FLOAT_ENABLE=0 -DSDK_DEBUGCONSOLE_UART -D__MCUXPRESSO -D__USE_CMSIS -DDEBUG -I"C:\Courses\Sem-2\PES\Assignments\Course Project\Huffman_coding\KL25Z_Huffman_Encoding\board" -I"C:\Courses\Sem-2\PES\Assignments\Course Project\Huffman_coding\KL25Z_Huffman_Encoding\source" -I"C:\Courses\Sem-2\PES\Assignments\Course Project\Huffman_coding\KL25Z_Huffman_Encoding" -I"C:\Courses\Sem-2\PES\Assignments\Course Project\Huffman_coding\KL25Z_Huffman_Encoding\drivers" -I"C:\Courses\Sem-2\PES\Assignments\Course Project\Huffman_coding\KL25Z_Huffman_Encoding\CMSIS" -I"C:\Courses\Sem-2\PES\Assignments\Course Project\Huffman_coding\KL25Z_Huffman_Encoding\utilities" -I"C:\Courses\Sem-2\PES\Assignments\Course Project\Huffman_coding\KL25Z_Huffman_Encoding\startup" -O0 -fno-common -g3 -Wall -c -fmessage-length=0 -fno-builtin -ffunction-sections -fdata-sections -fmerge-constants -fmacro-prefix-map="../board/"=. -mcpu=cortex-m0plus -mthumb -D__REDLIB__ -fstack-usage -specs=redlib.specs -MMD -MP -MF"board/pin_mux.d" -MT"board/pin_mux.o" -MT"board/pin_mux.d" -o "board/pin_mux.o" "../board/pin_mux.c"
Finished building: ../drivers/fsl_uart.c
Finished building: ../board/board.c
 
Finished building: ../board/clock_config.c
 
 
Building file: ../CMSIS/system_MKL25Z4.c
Finished building: ../board/peripherals.c
Invoking: MCU C Compiler
arm-none-eabi-gcc -D__REDLIB__ -DCPU_MKL25Z128VLK4 -DCPU_MKL25Z128VLK4_cm0plus -DFSL_RTOS_BM -DSDK_OS_BAREMETAL -DSDK_DEBUGCONSOLE=0 -DCR_INTEGER_PRINTF -DPRINTF_FLOAT_ENABLE=0 -DSDK_DEBUGCONSOLE_UART -D__MCUXPRESSO -D__USE_CMSIS -DDEBUG -I"C:\Courses\Sem-2\PES\Assignments\Course Project\Huffman_coding\KL25Z_Huffman_Encoding\board" -I"C:\Courses\Sem-2\PES\Assignments\Course Project\Huffman_coding\KL25Z_Huffman_Encoding\source" -I"C:\Courses\Sem-2\PES\Assignments\Course Project\Huffman_coding\KL25Z_Huffman_Encoding" -I"C:\Courses\Sem-2\PES\Assignments\Course Project\Huffman_coding\KL25Z_Huffman_Encoding\drivers" -I"C:\Courses\Sem-2\PES\Assignments\Course Project\Huffman_coding\KL25Z_Huffman_Encoding\CMSIS" -I"C:\Courses\Sem-2\PES\Assignments\Course Project\Huffman_coding\KL25Z_Huffman_Encoding\utilities" -I"C:\Courses\Sem-2\PES\Assignments\Course Project\Huffman_coding\KL25Z_Huffman_Encoding\startup" -O0 -fno-common -g3 -Wall -c -fmessage-length=0 -fno-builtin -ffunction-sections -fdata-sections -fmerge-constants -fmacro-prefix-map="../CMSIS/"=. -mcpu=cortex-m0plus -mthumb -D__REDLIB__ -fstack-usage -specs=redlib.specs -MMD -MP -MF"CMSIS/system_MKL25Z4.d" -MT"CMSIS/system_MKL25Z4.o" -MT"CMSIS/system_MKL25Z4.d" -o "CMSIS/system_MKL25Z4.o" "../CMSIS/system_MKL25Z4.c"
 
Finished building: ../board/pin_mux.c
 
Finished building: ../CMSIS/system_MKL25Z4.c
 
Building target: KL25Z_Huffman_Encoding.axf
Invoking: MCU Linker
arm-none-eabi-gcc -nostdlib -Xlinker -Map="KL25Z_Huffman_Encoding.map" -Xlinker --gc-sections -Xlinker -print-memory-usage -Xlinker --sort-section=alignment -Xlinker --cref -mcpu=cortex-m0plus -mthumb -T KL25Z_Huffman_Encoding_Debug.ld -o "KL25Z_Huffman_Encoding.axf"  ./utilities/fsl_debug_console.o  ./startup/startup_mkl25z4.o  ./source/KL25Z_Huffman_Encoding.o ./source/cbfifo.o ./source/mtb.o ./source/semihost_hardfault.o ./source/sysclock.o ./source/test_cbfifo.o ./source/uart.o  ./drivers/fsl_clock.o ./drivers/fsl_common.o ./drivers/fsl_flash.o ./drivers/fsl_gpio.o ./drivers/fsl_lpsci.o ./drivers/fsl_smc.o ./drivers/fsl_uart.o  ./board/board.o ./board/clock_config.o ./board/peripherals.o ./board/pin_mux.o  ./CMSIS/system_MKL25Z4.o   
Memory region         Used Size  Region Size  %age Used
   PROGRAM_FLASH:       13096 B       128 KB      9.99%
c:/nxp/mcuxpressoide_11.2.0_4120/ide/plugins/com.nxp.mcuxpresso.tools.win32_11.2.0.202001021529/tools/bin/../lib/gcc/arm-none-eabi/9.2.1/../../../../arm-none-eabi/bin/ld.exe: ./source/uart.o: in function `main':
            SRAM:        2424 B        16 KB     14.79%
C:\Courses\Sem-2\PES\Assignments\Course Project\Huffman_coding\KL25Z_Huffman_Encoding\Debug/../source/uart.c:14: multiple definition of `main'; ./source/KL25Z_Huffman_Encoding.o:C:\Courses\Sem-2\PES\Assignments\Course Project\Huffman_coding\KL25Z_Huffman_Encoding\Debug/../source/KL25Z_Huffman_Encoding.c:49: first defined here
collect2.exe: error: ld returned 1 exit status
make: *** [makefile:37: KL25Z_Huffman_Encoding.axf] Error 1
"make -r -j16 all" terminated with exit code 2. Build might be incomplete.
18:12:19 **** Incremental Build of configuration Debug for project KL25Z_Huffman_Encoding ****
make -r -j16 all 
Building file: ../source/KL25Z_Huffman_Encoding.c
Building file: ../source/uart.c
Invoking: MCU C Compiler
arm-none-eabi-gcc -D__REDLIB__ -DCPU_MKL25Z128VLK4 -DCPU_MKL25Z128VLK4_cm0plus -DFSL_RTOS_BM -DSDK_OS_BAREMETAL -DSDK_DEBUGCONSOLE=0 -DCR_INTEGER_PRINTF -DPRINTF_FLOAT_ENABLE=0 -DSDK_DEBUGCONSOLE_UART -D__MCUXPRESSO -D__USE_CMSIS -DDEBUG -I"C:\Courses\Sem-2\PES\Assignments\Course Project\Huffman_coding\KL25Z_Huffman_Encoding\board" -I"C:\Courses\Sem-2\PES\Assignments\Course Project\Huffman_coding\KL25Z_Huffman_Encoding\source" -I"C:\Courses\Sem-2\PES\Assignments\Course Project\Huffman_coding\KL25Z_Huffman_Encoding" -I"C:\Courses\Sem-2\PES\Assignments\Course Project\Huffman_coding\KL25Z_Huffman_Encoding\drivers" -I"C:\Courses\Sem-2\PES\Assignments\Course Project\Huffman_coding\KL25Z_Huffman_Encoding\CMSIS" -I"C:\Courses\Sem-2\PES\Assignments\Course Project\Huffman_coding\KL25Z_Huffman_Encoding\utilities" -I"C:\Courses\Sem-2\PES\Assignments\Course Project\Huffman_coding\KL25Z_Huffman_Encoding\startup" -O0 -fno-common -g3 -Wall -c -fmessage-length=0 -fno-builtin -ffunction-sections -fdata-sections -fmerge-constants -fmacro-prefix-map="../source/"=. -mcpu=cortex-m0plus -mthumb -D__REDLIB__ -fstack-usage -specs=redlib.specs -MMD -MP -MF"source/KL25Z_Huffman_Encoding.d" -MT"source/KL25Z_Huffman_Encoding.o" -MT"source/KL25Z_Huffman_Encoding.d" -o "source/KL25Z_Huffman_Encoding.o" "../source/KL25Z_Huffman_Encoding.c"
Invoking: MCU C Compiler
arm-none-eabi-gcc -D__REDLIB__ -DCPU_MKL25Z128VLK4 -DCPU_MKL25Z128VLK4_cm0plus -DFSL_RTOS_BM -DSDK_OS_BAREMETAL -DSDK_DEBUGCONSOLE=0 -DCR_INTEGER_PRINTF -DPRINTF_FLOAT_ENABLE=0 -DSDK_DEBUGCONSOLE_UART -D__MCUXPRESSO -D__USE_CMSIS -DDEBUG -I"C:\Courses\Sem-2\PES\Assignments\Course Project\Huffman_coding\KL25Z_Huffman_Encoding\board" -I"C:\Courses\Sem-2\PES\Assignments\Course Project\Huffman_coding\KL25Z_Huffman_Encoding\source" -I"C:\Courses\Sem-2\PES\Assignments\Course Project\Huffman_coding\KL25Z_Huffman_Encoding" -I"C:\Courses\Sem-2\PES\Assignments\Course Project\Huffman_coding\KL25Z_Huffman_Encoding\drivers" -I"C:\Courses\Sem-2\PES\Assignments\Course Project\Huffman_coding\KL25Z_Huffman_Encoding\CMSIS" -I"C:\Courses\Sem-2\PES\Assignments\Course Project\Huffman_coding\KL25Z_Huffman_Encoding\utilities" -I"C:\Courses\Sem-2\PES\Assignments\Course Project\Huffman_coding\KL25Z_Huffman_Encoding\startup" -O0 -fno-common -g3 -Wall -c -fmessage-length=0 -fno-builtin -ffunction-sections -fdata-sections -fmerge-constants -fmacro-prefix-map="../source/"=. -mcpu=cortex-m0plus -mthumb -D__REDLIB__ -fstack-usage -specs=redlib.specs -MMD -MP -MF"source/uart.d" -MT"source/uart.o" -MT"source/uart.d" -o "source/uart.o" "../source/uart.c"
../source/KL25Z_Huffman_Encoding.c: In function 'main':
../source/KL25Z_Huffman_Encoding.c:21:4: warning: implicit declaration of function 'command_processor' [-Wimplicit-function-declaration]
   21 |    command_processor(name);
      |    ^~~~~~~~~~~~~~~~~
../source/uart.c: In function 'UART0_Init':
../source/uart.c:17:10: warning: variable 'temp' set but not used [-Wunused-but-set-variable]
   17 |  uint8_t temp;
      |          ^~~~
Finished building: ../source/KL25Z_Huffman_Encoding.c
Finished building: ../source/uart.c
 
 
Building target: KL25Z_Huffman_Encoding.axf
Invoking: MCU Linker
arm-none-eabi-gcc -nostdlib -Xlinker -Map="KL25Z_Huffman_Encoding.map" -Xlinker --gc-sections -Xlinker -print-memory-usage -Xlinker --sort-section=alignment -Xlinker --cref -mcpu=cortex-m0plus -mthumb -T KL25Z_Huffman_Encoding_Debug.ld -o "KL25Z_Huffman_Encoding.axf"  ./utilities/fsl_debug_console.o  ./startup/startup_mkl25z4.o  ./source/KL25Z_Huffman_Encoding.o ./source/cbfifo.o ./source/mtb.o ./source/semihost_hardfault.o ./source/sysclock.o ./source/test_cbfifo.o ./source/uart.o  ./drivers/fsl_clock.o ./drivers/fsl_common.o ./drivers/fsl_flash.o ./drivers/fsl_gpio.o ./drivers/fsl_lpsci.o ./drivers/fsl_smc.o ./drivers/fsl_uart.o  ./board/board.o ./board/clock_config.o ./board/peripherals.o ./board/pin_mux.o  ./CMSIS/system_MKL25Z4.o   
Memory region         Used Size  Region Size  %age Used
   PROGRAM_FLASH:        9148 B       128 KB      6.98%
c:/nxp/mcuxpressoide_11.2.0_4120/ide/plugins/com.nxp.mcuxpresso.tools.win32_11.2.0.202001021529/tools/bin/../lib/gcc/arm-none-eabi/9.2.1/../../../../arm-none-eabi/bin/ld.exe: ./source/KL25Z_Huffman_Encoding.o: in function `main':
            SRAM:        2920 B        16 KB     17.82%
C:\Courses\Sem-2\PES\Assignments\Course Project\Huffman_coding\KL25Z_Huffman_Encoding\Debug/../source/KL25Z_Huffman_Encoding.c:21: undefined reference to `command_processor'
collect2.exe: error: ld returned 1 exit status
make: *** [makefile:37: KL25Z_Huffman_Encoding.axf] Error 1
"make -r -j16 all" terminated with exit code 2. Build might be incomplete.
18:12:29 **** Incremental Build of configuration Debug for project KL25Z_Huffman_Encoding ****
make -r -j16 all 
Building file: ../source/KL25Z_Huffman_Encoding.c
Invoking: MCU C Compiler
arm-none-eabi-gcc -D__REDLIB__ -DCPU_MKL25Z128VLK4 -DCPU_MKL25Z128VLK4_cm0plus -DFSL_RTOS_BM -DSDK_OS_BAREMETAL -DSDK_DEBUGCONSOLE=0 -DCR_INTEGER_PRINTF -DPRINTF_FLOAT_ENABLE=0 -DSDK_DEBUGCONSOLE_UART -D__MCUXPRESSO -D__USE_CMSIS -DDEBUG -I"C:\Courses\Sem-2\PES\Assignments\Course Project\Huffman_coding\KL25Z_Huffman_Encoding\board" -I"C:\Courses\Sem-2\PES\Assignments\Course Project\Huffman_coding\KL25Z_Huffman_Encoding\source" -I"C:\Courses\Sem-2\PES\Assignments\Course Project\Huffman_coding\KL25Z_Huffman_Encoding" -I"C:\Courses\Sem-2\PES\Assignments\Course Project\Huffman_coding\KL25Z_Huffman_Encoding\drivers" -I"C:\Courses\Sem-2\PES\Assignments\Course Project\Huffman_coding\KL25Z_Huffman_Encoding\CMSIS" -I"C:\Courses\Sem-2\PES\Assignments\Course Project\Huffman_coding\KL25Z_Huffman_Encoding\utilities" -I"C:\Courses\Sem-2\PES\Assignments\Course Project\Huffman_coding\KL25Z_Huffman_Encoding\startup" -O0 -fno-common -g3 -Wall -c -fmessage-length=0 -fno-builtin -ffunction-sections -fdata-sections -fmerge-constants -fmacro-prefix-map="../source/"=. -mcpu=cortex-m0plus -mthumb -D__REDLIB__ -fstack-usage -specs=redlib.specs -MMD -MP -MF"source/KL25Z_Huffman_Encoding.d" -MT"source/KL25Z_Huffman_Encoding.o" -MT"source/KL25Z_Huffman_Encoding.d" -o "source/KL25Z_Huffman_Encoding.o" "../source/KL25Z_Huffman_Encoding.c"
Finished building: ../source/KL25Z_Huffman_Encoding.c
 
Building target: KL25Z_Huffman_Encoding.axf
Invoking: MCU Linker
arm-none-eabi-gcc -nostdlib -Xlinker -Map="KL25Z_Huffman_Encoding.map" -Xlinker --gc-sections -Xlinker -print-memory-usage -Xlinker --sort-section=alignment -Xlinker --cref -mcpu=cortex-m0plus -mthumb -T KL25Z_Huffman_Encoding_Debug.ld -o "KL25Z_Huffman_Encoding.axf"  ./utilities/fsl_debug_console.o  ./startup/startup_mkl25z4.o  ./source/KL25Z_Huffman_Encoding.o ./source/cbfifo.o ./source/mtb.o ./source/semihost_hardfault.o ./source/sysclock.o ./source/test_cbfifo.o ./source/uart.o  ./drivers/fsl_clock.o ./drivers/fsl_common.o ./drivers/fsl_flash.o ./drivers/fsl_gpio.o ./drivers/fsl_lpsci.o ./drivers/fsl_smc.o ./drivers/fsl_uart.o  ./board/board.o ./board/clock_config.o ./board/peripherals.o ./board/pin_mux.o  ./CMSIS/system_MKL25Z4.o   
Memory region         Used Size  Region Size  %age Used
   PROGRAM_FLASH:        9144 B       128 KB      6.98%
            SRAM:        2920 B        16 KB     17.82%
Finished building target: KL25Z_Huffman_Encoding.axf
 
make --no-print-directory post-build
Performing post-build steps
arm-none-eabi-size "KL25Z_Huffman_Encoding.axf"; # arm-none-eabi-objcopy -v -O binary "KL25Z_Huffman_Encoding.axf" "KL25Z_Huffman_Encoding.bin" ; # checksum -p MKL25Z128xxx4 -d "KL25Z_Huffman_Encoding.bin";
   text	   data	    bss	    dec	    hex	filename
   9144	      0	   2920	  12064	   2f20	KL25Z_Huffman_Encoding.axf
 
18:16:13 **** Incremental Build of configuration Debug for project KL25Z_Huffman_Encoding ****
make -r -j16 all 
make: Nothing to be done for 'all'.
18:30:20 **** Incremental Build of configuration Debug for project KL25Z_Huffman_Encoding ****
make -r -j16 all 
Building file: ../source/KL25Z_Huffman_Encoding.c
Building file: ../source/cbfifo.c
Building file: ../source/test_cbfifo.c
Invoking: MCU C Compiler
Invoking: MCU C Compiler
arm-none-eabi-gcc -D__REDLIB__ -DCPU_MKL25Z128VLK4 -DCPU_MKL25Z128VLK4_cm0plus -DFSL_RTOS_BM -DSDK_OS_BAREMETAL -DSDK_DEBUGCONSOLE=0 -DCR_INTEGER_PRINTF -DPRINTF_FLOAT_ENABLE=0 -DSDK_DEBUGCONSOLE_UART -D__MCUXPRESSO -D__USE_CMSIS -DDEBUG -I"C:\Courses\Sem-2\PES\Assignments\Course Project\Huffman_coding\KL25Z_Huffman_Encoding\board" -I"C:\Courses\Sem-2\PES\Assignments\Course Project\Huffman_coding\KL25Z_Huffman_Encoding\source" -I"C:\Courses\Sem-2\PES\Assignments\Course Project\Huffman_coding\KL25Z_Huffman_Encoding" -I"C:\Courses\Sem-2\PES\Assignments\Course Project\Huffman_coding\KL25Z_Huffman_Encoding\drivers" -I"C:\Courses\Sem-2\PES\Assignments\Course Project\Huffman_coding\KL25Z_Huffman_Encoding\CMSIS" -I"C:\Courses\Sem-2\PES\Assignments\Course Project\Huffman_coding\KL25Z_Huffman_Encoding\utilities" -I"C:\Courses\Sem-2\PES\Assignments\Course Project\Huffman_coding\KL25Z_Huffman_Encoding\startup" -O0 -fno-common -g3 -Wall -c -fmessage-length=0 -fno-builtin -ffunction-sections -fdata-sections -fmerge-constants -fmacro-prefix-map="../source/"=. -mcpu=cortex-m0plus -mthumb -D__REDLIB__ -fstack-usage -specs=redlib.specs -MMD -MP -MF"source/KL25Z_Huffman_Encoding.d" -MT"source/KL25Z_Huffman_Encoding.o" -MT"source/KL25Z_Huffman_Encoding.d" -o "source/KL25Z_Huffman_Encoding.o" "../source/KL25Z_Huffman_Encoding.c"
Invoking: MCU C Compiler
arm-none-eabi-gcc -D__REDLIB__ -DCPU_MKL25Z128VLK4 -DCPU_MKL25Z128VLK4_cm0plus -DFSL_RTOS_BM -DSDK_OS_BAREMETAL -DSDK_DEBUGCONSOLE=0 -DCR_INTEGER_PRINTF -DPRINTF_FLOAT_ENABLE=0 -DSDK_DEBUGCONSOLE_UART -D__MCUXPRESSO -D__USE_CMSIS -DDEBUG -I"C:\Courses\Sem-2\PES\Assignments\Course Project\Huffman_coding\KL25Z_Huffman_Encoding\board" -I"C:\Courses\Sem-2\PES\Assignments\Course Project\Huffman_coding\KL25Z_Huffman_Encoding\source" -I"C:\Courses\Sem-2\PES\Assignments\Course Project\Huffman_coding\KL25Z_Huffman_Encoding" -I"C:\Courses\Sem-2\PES\Assignments\Course Project\Huffman_coding\KL25Z_Huffman_Encoding\drivers" -I"C:\Courses\Sem-2\PES\Assignments\Course Project\Huffman_coding\KL25Z_Huffman_Encoding\CMSIS" -I"C:\Courses\Sem-2\PES\Assignments\Course Project\Huffman_coding\KL25Z_Huffman_Encoding\utilities" -I"C:\Courses\Sem-2\PES\Assignments\Course Project\Huffman_coding\KL25Z_Huffman_Encoding\startup" -O0 -fno-common -g3 -Wall -c -fmessage-length=0 -fno-builtin -ffunction-sections -fdata-sections -fmerge-constants -fmacro-prefix-map="../source/"=. -mcpu=cortex-m0plus -mthumb -D__REDLIB__ -fstack-usage -specs=redlib.specs -MMD -MP -MF"source/cbfifo.d" -MT"source/cbfifo.o" -MT"source/cbfifo.d" -o "source/cbfifo.o" "../source/cbfifo.c"
arm-none-eabi-gcc -D__REDLIB__ -DCPU_MKL25Z128VLK4 -DCPU_MKL25Z128VLK4_cm0plus -DFSL_RTOS_BM -DSDK_OS_BAREMETAL -DSDK_DEBUGCONSOLE=0 -DCR_INTEGER_PRINTF -DPRINTF_FLOAT_ENABLE=0 -DSDK_DEBUGCONSOLE_UART -D__MCUXPRESSO -D__USE_CMSIS -DDEBUG -I"C:\Courses\Sem-2\PES\Assignments\Course Project\Huffman_coding\KL25Z_Huffman_Encoding\board" -I"C:\Courses\Sem-2\PES\Assignments\Course Project\Huffman_coding\KL25Z_Huffman_Encoding\source" -I"C:\Courses\Sem-2\PES\Assignments\Course Project\Huffman_coding\KL25Z_Huffman_Encoding" -I"C:\Courses\Sem-2\PES\Assignments\Course Project\Huffman_coding\KL25Z_Huffman_Encoding\drivers" -I"C:\Courses\Sem-2\PES\Assignments\Course Project\Huffman_coding\KL25Z_Huffman_Encoding\CMSIS" -I"C:\Courses\Sem-2\PES\Assignments\Course Project\Huffman_coding\KL25Z_Huffman_Encoding\utilities" -I"C:\Courses\Sem-2\PES\Assignments\Course Project\Huffman_coding\KL25Z_Huffman_Encoding\startup" -O0 -fno-common -g3 -Wall -c -fmessage-length=0 -fno-builtin -ffunction-sections -fdata-sections -fmerge-constants -fmacro-prefix-map="../source/"=. -mcpu=cortex-m0plus -mthumb -D__REDLIB__ -fstack-usage -specs=redlib.specs -MMD -MP -MF"source/test_cbfifo.d" -MT"source/test_cbfifo.o" -MT"source/test_cbfifo.d" -o "source/test_cbfifo.o" "../source/test_cbfifo.c"
Building file: ../source/uart.c
Invoking: MCU C Compiler
arm-none-eabi-gcc -D__REDLIB__ -DCPU_MKL25Z128VLK4 -DCPU_MKL25Z128VLK4_cm0plus -DFSL_RTOS_BM -DSDK_OS_BAREMETAL -DSDK_DEBUGCONSOLE=0 -DCR_INTEGER_PRINTF -DPRINTF_FLOAT_ENABLE=0 -DSDK_DEBUGCONSOLE_UART -D__MCUXPRESSO -D__USE_CMSIS -DDEBUG -I"C:\Courses\Sem-2\PES\Assignments\Course Project\Huffman_coding\KL25Z_Huffman_Encoding\board" -I"C:\Courses\Sem-2\PES\Assignments\Course Project\Huffman_coding\KL25Z_Huffman_Encoding\source" -I"C:\Courses\Sem-2\PES\Assignments\Course Project\Huffman_coding\KL25Z_Huffman_Encoding" -I"C:\Courses\Sem-2\PES\Assignments\Course Project\Huffman_coding\KL25Z_Huffman_Encoding\drivers" -I"C:\Courses\Sem-2\PES\Assignments\Course Project\Huffman_coding\KL25Z_Huffman_Encoding\CMSIS" -I"C:\Courses\Sem-2\PES\Assignments\Course Project\Huffman_coding\KL25Z_Huffman_Encoding\utilities" -I"C:\Courses\Sem-2\PES\Assignments\Course Project\Huffman_coding\KL25Z_Huffman_Encoding\startup" -O0 -fno-common -g3 -Wall -c -fmessage-length=0 -fno-builtin -ffunction-sections -fdata-sections -fmerge-constants -fmacro-prefix-map="../source/"=. -mcpu=cortex-m0plus -mthumb -D__REDLIB__ -fstack-usage -specs=redlib.specs -MMD -MP -MF"source/uart.d" -MT"source/uart.o" -MT"source/uart.d" -o "source/uart.o" "../source/uart.c"
Finished building: ../source/KL25Z_Huffman_Encoding.c
Finished building: ../source/cbfifo.c
../source/uart.c: In function 'UART0_Init':
../source/uart.c:19:10: warning: variable 'temp' set but not used [-Wunused-but-set-variable]
   19 |  uint8_t temp;
      |          ^~~~
../source/uart.c: In function '__sys_write':
../source/uart.c:91:12: warning: implicit declaration of function 'huffman_encode' [-Wimplicit-function-declaration]
   91 |  int len = huffman_encode(buf, encode_buffer, ENCODE_BUFFER_SIZE);
      |            ^~~~~~~~~~~~~~
../source/uart.c:93:29: warning: implicit declaration of function 'delay' [-Wimplicit-function-declaration]
   93 |  while(length(&cb_TX) != 0){delay(2);}
      |                             ^~~~~
 
Finished building: ../source/test_cbfifo.c
 
 
Finished building: ../source/uart.c
 
Building target: KL25Z_Huffman_Encoding.axf
Invoking: MCU Linker
arm-none-eabi-gcc -nostdlib -Xlinker -Map="KL25Z_Huffman_Encoding.map" -Xlinker --gc-sections -Xlinker -print-memory-usage -Xlinker --sort-section=alignment -Xlinker --cref -mcpu=cortex-m0plus -mthumb -T KL25Z_Huffman_Encoding_Debug.ld -o "KL25Z_Huffman_Encoding.axf"  ./utilities/fsl_debug_console.o  ./startup/startup_mkl25z4.o  ./source/KL25Z_Huffman_Encoding.o ./source/cbfifo.o ./source/mtb.o ./source/semihost_hardfault.o ./source/sysclock.o ./source/test_cbfifo.o ./source/uart.o  ./drivers/fsl_clock.o ./drivers/fsl_common.o ./drivers/fsl_flash.o ./drivers/fsl_gpio.o ./drivers/fsl_lpsci.o ./drivers/fsl_smc.o ./drivers/fsl_uart.o  ./board/board.o ./board/clock_config.o ./board/peripherals.o ./board/pin_mux.o  ./CMSIS/system_MKL25Z4.o   
Memory region         Used Size  Region Size  %age Used
   PROGRAM_FLASH:        9160 B       128 KB      6.99%
c:/nxp/mcuxpressoide_11.2.0_4120/ide/plugins/com.nxp.mcuxpresso.tools.win32_11.2.0.202001021529/tools/bin/../lib/gcc/arm-none-eabi/9.2.1/../../../../arm-none-eabi/bin/ld.exe: ./source/uart.o: in function `__sys_write':
C:\Courses\Sem-2\PES\Assignments\Course Project\Huffman_coding\KL25Z_Huffman_Encoding\Debug/../source/uart.c:91: undefined reference to `huffman_encode'
            SRAM:        3944 B        16 KB     24.07%
c:/nxp/mcuxpressoide_11.2.0_4120/ide/plugins/com.nxp.mcuxpresso.tools.win32_11.2.0.202001021529/tools/bin/../lib/gcc/arm-none-eabi/9.2.1/../../../../arm-none-eabi/bin/ld.exe: C:\Courses\Sem-2\PES\Assignments\Course Project\Huffman_coding\KL25Z_Huffman_Encoding\Debug/../source/uart.c:93: undefined reference to `delay'
collect2.exe: error: ld returned 1 exit status
make: *** [makefile:37: KL25Z_Huffman_Encoding.axf] Error 1
"make -r -j16 all" terminated with exit code 2. Build might be incomplete.
18:30:37 **** Incremental Build of configuration Debug for project KL25Z_Huffman_Encoding ****
make -r -j16 all 
Building file: ../source/uart.c
Invoking: MCU C Compiler
arm-none-eabi-gcc -D__REDLIB__ -DCPU_MKL25Z128VLK4 -DCPU_MKL25Z128VLK4_cm0plus -DFSL_RTOS_BM -DSDK_OS_BAREMETAL -DSDK_DEBUGCONSOLE=0 -DCR_INTEGER_PRINTF -DPRINTF_FLOAT_ENABLE=0 -DSDK_DEBUGCONSOLE_UART -D__MCUXPRESSO -D__USE_CMSIS -DDEBUG -I"C:\Courses\Sem-2\PES\Assignments\Course Project\Huffman_coding\KL25Z_Huffman_Encoding\board" -I"C:\Courses\Sem-2\PES\Assignments\Course Project\Huffman_coding\KL25Z_Huffman_Encoding\source" -I"C:\Courses\Sem-2\PES\Assignments\Course Project\Huffman_coding\KL25Z_Huffman_Encoding" -I"C:\Courses\Sem-2\PES\Assignments\Course Project\Huffman_coding\KL25Z_Huffman_Encoding\drivers" -I"C:\Courses\Sem-2\PES\Assignments\Course Project\Huffman_coding\KL25Z_Huffman_Encoding\CMSIS" -I"C:\Courses\Sem-2\PES\Assignments\Course Project\Huffman_coding\KL25Z_Huffman_Encoding\utilities" -I"C:\Courses\Sem-2\PES\Assignments\Course Project\Huffman_coding\KL25Z_Huffman_Encoding\startup" -O0 -fno-common -g3 -Wall -c -fmessage-length=0 -fno-builtin -ffunction-sections -fdata-sections -fmerge-constants -fmacro-prefix-map="../source/"=. -mcpu=cortex-m0plus -mthumb -D__REDLIB__ -fstack-usage -specs=redlib.specs -MMD -MP -MF"source/uart.d" -MT"source/uart.o" -MT"source/uart.d" -o "source/uart.o" "../source/uart.c"
../source/uart.c: In function 'UART0_Init':
../source/uart.c:19:10: warning: variable 'temp' set but not used [-Wunused-but-set-variable]
   19 |  uint8_t temp;
      |          ^~~~
../source/uart.c: In function '__sys_write':
../source/uart.c:91:12: warning: implicit declaration of function 'huffman_encode' [-Wimplicit-function-declaration]
   91 |  int len = huffman_encode(buf, encode_buffer, ENCODE_BUFFER_SIZE);
      |            ^~~~~~~~~~~~~~
Finished building: ../source/uart.c
 
Building target: KL25Z_Huffman_Encoding.axf
Invoking: MCU Linker
arm-none-eabi-gcc -nostdlib -Xlinker -Map="KL25Z_Huffman_Encoding.map" -Xlinker --gc-sections -Xlinker -print-memory-usage -Xlinker --sort-section=alignment -Xlinker --cref -mcpu=cortex-m0plus -mthumb -T KL25Z_Huffman_Encoding_Debug.ld -o "KL25Z_Huffman_Encoding.axf"  ./utilities/fsl_debug_console.o  ./startup/startup_mkl25z4.o  ./source/KL25Z_Huffman_Encoding.o ./source/cbfifo.o ./source/mtb.o ./source/semihost_hardfault.o ./source/sysclock.o ./source/test_cbfifo.o ./source/uart.o  ./drivers/fsl_clock.o ./drivers/fsl_common.o ./drivers/fsl_flash.o ./drivers/fsl_gpio.o ./drivers/fsl_lpsci.o ./drivers/fsl_smc.o ./drivers/fsl_uart.o  ./board/board.o ./board/clock_config.o ./board/peripherals.o ./board/pin_mux.o  ./CMSIS/system_MKL25Z4.o   
Memory region         Used Size  Region Size  %age Used
   PROGRAM_FLASH:        9152 B       128 KB      6.98%
c:/nxp/mcuxpressoide_11.2.0_4120/ide/plugins/com.nxp.mcuxpresso.tools.win32_11.2.0.202001021529/tools/bin/../lib/gcc/arm-none-eabi/9.2.1/../../../../arm-none-eabi/bin/ld.exe: ./source/uart.o: in function `__sys_write':
C:\Courses\Sem-2\PES\Assignments\Course Project\Huffman_coding\KL25Z_Huffman_Encoding\Debug/../source/uart.c:91: undefined reference to `huffman_encode'
collect2.exe: error: ld returned 1 exit status
            SRAM:        3944 B        16 KB     24.07%
make: *** [makefile:37: KL25Z_Huffman_Encoding.axf] Error 1
"make -r -j16 all" terminated with exit code 2. Build might be incomplete.
18:35:47 **** Incremental Build of configuration Debug for project KL25Z_Huffman_Encoding ****
make -r -j16 all 
Building file: ../source/huffcodes.c
Invoking: MCU C Compiler
arm-none-eabi-gcc -D__REDLIB__ -DCPU_MKL25Z128VLK4 -DCPU_MKL25Z128VLK4_cm0plus -DFSL_RTOS_BM -DSDK_OS_BAREMETAL -DSDK_DEBUGCONSOLE=0 -DCR_INTEGER_PRINTF -DPRINTF_FLOAT_ENABLE=0 -DSDK_DEBUGCONSOLE_UART -D__MCUXPRESSO -D__USE_CMSIS -DDEBUG -I"C:\Courses\Sem-2\PES\Assignments\Course Project\Huffman_coding\KL25Z_Huffman_Encoding\board" -I"C:\Courses\Sem-2\PES\Assignments\Course Project\Huffman_coding\KL25Z_Huffman_Encoding\source" -I"C:\Courses\Sem-2\PES\Assignments\Course Project\Huffman_coding\KL25Z_Huffman_Encoding" -I"C:\Courses\Sem-2\PES\Assignments\Course Project\Huffman_coding\KL25Z_Huffman_Encoding\drivers" -I"C:\Courses\Sem-2\PES\Assignments\Course Project\Huffman_coding\KL25Z_Huffman_Encoding\CMSIS" -I"C:\Courses\Sem-2\PES\Assignments\Course Project\Huffman_coding\KL25Z_Huffman_Encoding\utilities" -I"C:\Courses\Sem-2\PES\Assignments\Course Project\Huffman_coding\KL25Z_Huffman_Encoding\startup" -O0 -fno-common -g3 -Wall -c -fmessage-length=0 -fno-builtin -ffunction-sections -fdata-sections -fmerge-constants -fmacro-prefix-map="../source/"=. -mcpu=cortex-m0plus -mthumb -D__REDLIB__ -fstack-usage -specs=redlib.specs -MMD -MP -MF"source/huffcodes.d" -MT"source/huffcodes.o" -MT"source/huffcodes.d" -o "source/huffcodes.o" "../source/huffcodes.c"
In file included from ../source/huffcodes.c:8:
../source/huffcodes.h:13:5: error: unknown type name 'uint32_t'
   13 |     uint32_t code;              //Binary code for symbol
      |     ^~~~~~~~
../source/huffcodes.h:79:40: error: unknown type name 'uint8_t'
   79 | int huffman_encode(const char *message,uint8_t *buffer,size_t nbytes);
      |                                        ^~~~~~~
../source/huffcodes.h:79:56: error: unknown type name 'size_t'
   79 | int huffman_encode(const char *message,uint8_t *buffer,size_t nbytes);
      |                                                        ^~~~~~
../source/huffcodes.h:1:1: note: 'size_t' is defined in header '<stddef.h>'; did you forget to '#include <stddef.h>'?
  +++ |+#include <stddef.h>
    1 | /*
make: *** [source/subdir.mk:41: source/huffcodes.o] Error 1
"make -r -j16 all" terminated with exit code 2. Build might be incomplete.
18:35:59 **** Incremental Build of configuration Debug for project KL25Z_Huffman_Encoding ****
make -r -j16 all 
Building file: ../source/huffcodes.c
Invoking: MCU C Compiler
arm-none-eabi-gcc -D__REDLIB__ -DCPU_MKL25Z128VLK4 -DCPU_MKL25Z128VLK4_cm0plus -DFSL_RTOS_BM -DSDK_OS_BAREMETAL -DSDK_DEBUGCONSOLE=0 -DCR_INTEGER_PRINTF -DPRINTF_FLOAT_ENABLE=0 -DSDK_DEBUGCONSOLE_UART -D__MCUXPRESSO -D__USE_CMSIS -DDEBUG -I"C:\Courses\Sem-2\PES\Assignments\Course Project\Huffman_coding\KL25Z_Huffman_Encoding\board" -I"C:\Courses\Sem-2\PES\Assignments\Course Project\Huffman_coding\KL25Z_Huffman_Encoding\source" -I"C:\Courses\Sem-2\PES\Assignments\Course Project\Huffman_coding\KL25Z_Huffman_Encoding" -I"C:\Courses\Sem-2\PES\Assignments\Course Project\Huffman_coding\KL25Z_Huffman_Encoding\drivers" -I"C:\Courses\Sem-2\PES\Assignments\Course Project\Huffman_coding\KL25Z_Huffman_Encoding\CMSIS" -I"C:\Courses\Sem-2\PES\Assignments\Course Project\Huffman_coding\KL25Z_Huffman_Encoding\utilities" -I"C:\Courses\Sem-2\PES\Assignments\Course Project\Huffman_coding\KL25Z_Huffman_Encoding\startup" -O0 -fno-common -g3 -Wall -c -fmessage-length=0 -fno-builtin -ffunction-sections -fdata-sections -fmerge-constants -fmacro-prefix-map="../source/"=. -mcpu=cortex-m0plus -mthumb -D__REDLIB__ -fstack-usage -specs=redlib.specs -MMD -MP -MF"source/huffcodes.d" -MT"source/huffcodes.o" -MT"source/huffcodes.d" -o "source/huffcodes.o" "../source/huffcodes.c"
../source/huffcodes.c:19:5: error: conflicting types for 'huffman_encode'
   19 | int huffman_encode(char *message, uint8_t *buffer, size_t nbytes)
      |     ^~~~~~~~~~~~~~
In file included from ../source/huffcodes.c:8:
../source/huffcodes.h:81:5: note: previous declaration of 'huffman_encode' was here
   81 | int huffman_encode(const char *message,uint8_t *buffer,size_t nbytes);
      |     ^~~~~~~~~~~~~~
make: *** [source/subdir.mk:41: source/huffcodes.o] Error 1
"make -r -j16 all" terminated with exit code 2. Build might be incomplete.
18:36:27 **** Incremental Build of configuration Debug for project KL25Z_Huffman_Encoding ****
make -r -j16 all 
Building file: ../source/huffcodes.c
Invoking: MCU C Compiler
arm-none-eabi-gcc -D__REDLIB__ -DCPU_MKL25Z128VLK4 -DCPU_MKL25Z128VLK4_cm0plus -DFSL_RTOS_BM -DSDK_OS_BAREMETAL -DSDK_DEBUGCONSOLE=0 -DCR_INTEGER_PRINTF -DPRINTF_FLOAT_ENABLE=0 -DSDK_DEBUGCONSOLE_UART -D__MCUXPRESSO -D__USE_CMSIS -DDEBUG -I"C:\Courses\Sem-2\PES\Assignments\Course Project\Huffman_coding\KL25Z_Huffman_Encoding\board" -I"C:\Courses\Sem-2\PES\Assignments\Course Project\Huffman_coding\KL25Z_Huffman_Encoding\source" -I"C:\Courses\Sem-2\PES\Assignments\Course Project\Huffman_coding\KL25Z_Huffman_Encoding" -I"C:\Courses\Sem-2\PES\Assignments\Course Project\Huffman_coding\KL25Z_Huffman_Encoding\drivers" -I"C:\Courses\Sem-2\PES\Assignments\Course Project\Huffman_coding\KL25Z_Huffman_Encoding\CMSIS" -I"C:\Courses\Sem-2\PES\Assignments\Course Project\Huffman_coding\KL25Z_Huffman_Encoding\utilities" -I"C:\Courses\Sem-2\PES\Assignments\Course Project\Huffman_coding\KL25Z_Huffman_Encoding\startup" -O0 -fno-common -g3 -Wall -c -fmessage-length=0 -fno-builtin -ffunction-sections -fdata-sections -fmerge-constants -fmacro-prefix-map="../source/"=. -mcpu=cortex-m0plus -mthumb -D__REDLIB__ -fstack-usage -specs=redlib.specs -MMD -MP -MF"source/huffcodes.d" -MT"source/huffcodes.o" -MT"source/huffcodes.d" -o "source/huffcodes.o" "../source/huffcodes.c"
Finished building: ../source/huffcodes.c
 
Building target: KL25Z_Huffman_Encoding.axf
Invoking: MCU Linker
arm-none-eabi-gcc -nostdlib -Xlinker -Map="KL25Z_Huffman_Encoding.map" -Xlinker --gc-sections -Xlinker -print-memory-usage -Xlinker --sort-section=alignment -Xlinker --cref -mcpu=cortex-m0plus -mthumb -T KL25Z_Huffman_Encoding_Debug.ld -o "KL25Z_Huffman_Encoding.axf"  ./utilities/fsl_debug_console.o  ./startup/startup_mkl25z4.o  ./source/KL25Z_Huffman_Encoding.o ./source/cbfifo.o ./source/huffcodes.o ./source/mtb.o ./source/semihost_hardfault.o ./source/sysclock.o ./source/test_cbfifo.o ./source/uart.o  ./drivers/fsl_clock.o ./drivers/fsl_common.o ./drivers/fsl_flash.o ./drivers/fsl_gpio.o ./drivers/fsl_lpsci.o ./drivers/fsl_smc.o ./drivers/fsl_uart.o  ./board/board.o ./board/clock_config.o ./board/peripherals.o ./board/pin_mux.o  ./CMSIS/system_MKL25Z4.o   
Memory region         Used Size  Region Size  %age Used
   PROGRAM_FLASH:       10384 B       128 KB      7.92%
            SRAM:        4508 B        16 KB     27.51%
Finished building target: KL25Z_Huffman_Encoding.axf
 
make --no-print-directory post-build
Performing post-build steps
arm-none-eabi-size "KL25Z_Huffman_Encoding.axf"; # arm-none-eabi-objcopy -v -O binary "KL25Z_Huffman_Encoding.axf" "KL25Z_Huffman_Encoding.bin" ; # checksum -p MKL25Z128xxx4 -d "KL25Z_Huffman_Encoding.bin";
   text	   data	    bss	    dec	    hex	filename
   9820	    564	   3944	  14328	   37f8	KL25Z_Huffman_Encoding.axf
 
18:36:48 **** Incremental Build of configuration Debug for project KL25Z_Huffman_Encoding ****
make -r -j16 all 
make: Nothing to be done for 'all'.
18:37:46 **** Incremental Build of configuration Debug for project KL25Z_Huffman_Encoding ****
make -r -j16 all 
make: Nothing to be done for 'all'.
18:55:24 **** Incremental Build of configuration Debug for project KL25Z_Huffman_Encoding ****
make -r -j16 all 
Building file: ../source/huffcodes.c
Invoking: MCU C Compiler
arm-none-eabi-gcc -D__REDLIB__ -DCPU_MKL25Z128VLK4 -DCPU_MKL25Z128VLK4_cm0plus -DFSL_RTOS_BM -DSDK_OS_BAREMETAL -DSDK_DEBUGCONSOLE=0 -DCR_INTEGER_PRINTF -DPRINTF_FLOAT_ENABLE=0 -DSDK_DEBUGCONSOLE_UART -D__MCUXPRESSO -D__USE_CMSIS -DDEBUG -I"C:\Courses\Sem-2\PES\Assignments\Course Project\Huffman_coding\KL25Z_Huffman_Encoding\board" -I"C:\Courses\Sem-2\PES\Assignments\Course Project\Huffman_coding\KL25Z_Huffman_Encoding\source" -I"C:\Courses\Sem-2\PES\Assignments\Course Project\Huffman_coding\KL25Z_Huffman_Encoding" -I"C:\Courses\Sem-2\PES\Assignments\Course Project\Huffman_coding\KL25Z_Huffman_Encoding\drivers" -I"C:\Courses\Sem-2\PES\Assignments\Course Project\Huffman_coding\KL25Z_Huffman_Encoding\CMSIS" -I"C:\Courses\Sem-2\PES\Assignments\Course Project\Huffman_coding\KL25Z_Huffman_Encoding\utilities" -I"C:\Courses\Sem-2\PES\Assignments\Course Project\Huffman_coding\KL25Z_Huffman_Encoding\startup" -O0 -fno-common -g3 -Wall -c -fmessage-length=0 -fno-builtin -ffunction-sections -fdata-sections -fmerge-constants -fmacro-prefix-map="../source/"=. -mcpu=cortex-m0plus -mthumb -D__REDLIB__ -fstack-usage -specs=redlib.specs -MMD -MP -MF"source/huffcodes.d" -MT"source/huffcodes.o" -MT"source/huffcodes.d" -o "source/huffcodes.o" "../source/huffcodes.c"
../source/huffcodes.c:20:1: error: expected identifier or '(' before '{' token
   20 | {
      | ^
../source/huffcodes.c:66:12: warning: 'min' defined but not used [-Wunused-function]
   66 | static int min(int a , int b)
      |            ^~~
make: *** [source/subdir.mk:41: source/huffcodes.o] Error 1
"make -r -j16 all" terminated with exit code 2. Build might be incomplete.
18:55:29 **** Incremental Build of configuration Debug for project KL25Z_Huffman_Encoding ****
make -r -j16 all 
Building file: ../source/huffcodes.c
Invoking: MCU C Compiler
arm-none-eabi-gcc -D__REDLIB__ -DCPU_MKL25Z128VLK4 -DCPU_MKL25Z128VLK4_cm0plus -DFSL_RTOS_BM -DSDK_OS_BAREMETAL -DSDK_DEBUGCONSOLE=0 -DCR_INTEGER_PRINTF -DPRINTF_FLOAT_ENABLE=0 -DSDK_DEBUGCONSOLE_UART -D__MCUXPRESSO -D__USE_CMSIS -DDEBUG -I"C:\Courses\Sem-2\PES\Assignments\Course Project\Huffman_coding\KL25Z_Huffman_Encoding\board" -I"C:\Courses\Sem-2\PES\Assignments\Course Project\Huffman_coding\KL25Z_Huffman_Encoding\source" -I"C:\Courses\Sem-2\PES\Assignments\Course Project\Huffman_coding\KL25Z_Huffman_Encoding" -I"C:\Courses\Sem-2\PES\Assignments\Course Project\Huffman_coding\KL25Z_Huffman_Encoding\drivers" -I"C:\Courses\Sem-2\PES\Assignments\Course Project\Huffman_coding\KL25Z_Huffman_Encoding\CMSIS" -I"C:\Courses\Sem-2\PES\Assignments\Course Project\Huffman_coding\KL25Z_Huffman_Encoding\utilities" -I"C:\Courses\Sem-2\PES\Assignments\Course Project\Huffman_coding\KL25Z_Huffman_Encoding\startup" -O0 -fno-common -g3 -Wall -c -fmessage-length=0 -fno-builtin -ffunction-sections -fdata-sections -fmerge-constants -fmacro-prefix-map="../source/"=. -mcpu=cortex-m0plus -mthumb -D__REDLIB__ -fstack-usage -specs=redlib.specs -MMD -MP -MF"source/huffcodes.d" -MT"source/huffcodes.o" -MT"source/huffcodes.d" -o "source/huffcodes.o" "../source/huffcodes.c"
Finished building: ../source/huffcodes.c
 
Building target: KL25Z_Huffman_Encoding.axf
Invoking: MCU Linker
arm-none-eabi-gcc -nostdlib -Xlinker -Map="KL25Z_Huffman_Encoding.map" -Xlinker --gc-sections -Xlinker -print-memory-usage -Xlinker --sort-section=alignment -Xlinker --cref -mcpu=cortex-m0plus -mthumb -T KL25Z_Huffman_Encoding_Debug.ld -o "KL25Z_Huffman_Encoding.axf"  ./utilities/fsl_debug_console.o  ./startup/startup_mkl25z4.o  ./source/KL25Z_Huffman_Encoding.o ./source/cbfifo.o ./source/huffcodes.o ./source/mtb.o ./source/semihost_hardfault.o ./source/sysclock.o ./source/test_cbfifo.o ./source/uart.o  ./drivers/fsl_clock.o ./drivers/fsl_common.o ./drivers/fsl_flash.o ./drivers/fsl_gpio.o ./drivers/fsl_lpsci.o ./drivers/fsl_smc.o ./drivers/fsl_uart.o  ./board/board.o ./board/clock_config.o ./board/peripherals.o ./board/pin_mux.o  ./CMSIS/system_MKL25Z4.o   
Memory region         Used Size  Region Size  %age Used
   PROGRAM_FLASH:       10384 B       128 KB      7.92%
            SRAM:        4508 B        16 KB     27.51%
Finished building target: KL25Z_Huffman_Encoding.axf
 
make --no-print-directory post-build
Performing post-build steps
arm-none-eabi-size "KL25Z_Huffman_Encoding.axf"; # arm-none-eabi-objcopy -v -O binary "KL25Z_Huffman_Encoding.axf" "KL25Z_Huffman_Encoding.bin" ; # checksum -p MKL25Z128xxx4 -d "KL25Z_Huffman_Encoding.bin";
   text	   data	    bss	    dec	    hex	filename
   9820	    564	   3944	  14328	   37f8	KL25Z_Huffman_Encoding.axf
 
05:37:48 **** Incremental Build of configuration Debug for project KL25Z_Huffman_Encoding ****
make -r -j16 all 
Building file: ../source/huffcodes.c
Invoking: MCU C Compiler
arm-none-eabi-gcc -D__REDLIB__ -DCPU_MKL25Z128VLK4 -DCPU_MKL25Z128VLK4_cm0plus -DFSL_RTOS_BM -DSDK_OS_BAREMETAL -DSDK_DEBUGCONSOLE=0 -DCR_INTEGER_PRINTF -DPRINTF_FLOAT_ENABLE=0 -DSDK_DEBUGCONSOLE_UART -D__MCUXPRESSO -D__USE_CMSIS -DDEBUG -I"C:\Courses\Sem-2\PES\Assignments\Course Project\Huffman_coding\KL25Z_Huffman_Encoding\board" -I"C:\Courses\Sem-2\PES\Assignments\Course Project\Huffman_coding\KL25Z_Huffman_Encoding\source" -I"C:\Courses\Sem-2\PES\Assignments\Course Project\Huffman_coding\KL25Z_Huffman_Encoding" -I"C:\Courses\Sem-2\PES\Assignments\Course Project\Huffman_coding\KL25Z_Huffman_Encoding\drivers" -I"C:\Courses\Sem-2\PES\Assignments\Course Project\Huffman_coding\KL25Z_Huffman_Encoding\CMSIS" -I"C:\Courses\Sem-2\PES\Assignments\Course Project\Huffman_coding\KL25Z_Huffman_Encoding\utilities" -I"C:\Courses\Sem-2\PES\Assignments\Course Project\Huffman_coding\KL25Z_Huffman_Encoding\startup" -O0 -fno-common -g3 -Wall -c -fmessage-length=0 -fno-builtin -ffunction-sections -fdata-sections -fmerge-constants -fmacro-prefix-map="../source/"=. -mcpu=cortex-m0plus -mthumb -D__REDLIB__ -fstack-usage -specs=redlib.specs -MMD -MP -MF"source/huffcodes.d" -MT"source/huffcodes.o" -MT"source/huffcodes.d" -o "source/huffcodes.o" "../source/huffcodes.c"
Finished building: ../source/huffcodes.c
 
Building target: KL25Z_Huffman_Encoding.axf
Invoking: MCU Linker
arm-none-eabi-gcc -nostdlib -Xlinker -Map="KL25Z_Huffman_Encoding.map" -Xlinker --gc-sections -Xlinker -print-memory-usage -Xlinker --sort-section=alignment -Xlinker --cref -mcpu=cortex-m0plus -mthumb -T KL25Z_Huffman_Encoding_Debug.ld -o "KL25Z_Huffman_Encoding.axf"  ./utilities/fsl_debug_console.o  ./startup/startup_mkl25z4.o  ./source/KL25Z_Huffman_Encoding.o ./source/cbfifo.o ./source/huffcodes.o ./source/mtb.o ./source/semihost_hardfault.o ./source/sysclock.o ./source/test_cbfifo.o ./source/uart.o  ./drivers/fsl_clock.o ./drivers/fsl_common.o ./drivers/fsl_flash.o ./drivers/fsl_gpio.o ./drivers/fsl_lpsci.o ./drivers/fsl_smc.o ./drivers/fsl_uart.o  ./board/board.o ./board/clock_config.o ./board/peripherals.o ./board/pin_mux.o  ./CMSIS/system_MKL25Z4.o   
Memory region         Used Size  Region Size  %age Used
   PROGRAM_FLASH:       10384 B       128 KB      7.92%
            SRAM:        4508 B        16 KB     27.51%
Finished building target: KL25Z_Huffman_Encoding.axf
 
make --no-print-directory post-build
Performing post-build steps
arm-none-eabi-size "KL25Z_Huffman_Encoding.axf"; # arm-none-eabi-objcopy -v -O binary "KL25Z_Huffman_Encoding.axf" "KL25Z_Huffman_Encoding.bin" ; # checksum -p MKL25Z128xxx4 -d "KL25Z_Huffman_Encoding.bin";
   text	   data	    bss	    dec	    hex	filename
   9820	    564	   3944	  14328	   37f8	KL25Z_Huffman_Encoding.axf
 
05:43:28 **** Incremental Build of configuration Debug for project KL25Z_Huffman_Encoding ****
make -r -j16 all 
Building file: ../source/huffcodes.c
Invoking: MCU C Compiler
arm-none-eabi-gcc -D__REDLIB__ -DCPU_MKL25Z128VLK4 -DCPU_MKL25Z128VLK4_cm0plus -DFSL_RTOS_BM -DSDK_OS_BAREMETAL -DSDK_DEBUGCONSOLE=0 -DCR_INTEGER_PRINTF -DPRINTF_FLOAT_ENABLE=0 -DSDK_DEBUGCONSOLE_UART -D__MCUXPRESSO -D__USE_CMSIS -DDEBUG -I"C:\Courses\Sem-2\PES\Assignments\Course Project\Huffman_coding\KL25Z_Huffman_Encoding\board" -I"C:\Courses\Sem-2\PES\Assignments\Course Project\Huffman_coding\KL25Z_Huffman_Encoding\source" -I"C:\Courses\Sem-2\PES\Assignments\Course Project\Huffman_coding\KL25Z_Huffman_Encoding" -I"C:\Courses\Sem-2\PES\Assignments\Course Project\Huffman_coding\KL25Z_Huffman_Encoding\drivers" -I"C:\Courses\Sem-2\PES\Assignments\Course Project\Huffman_coding\KL25Z_Huffman_Encoding\CMSIS" -I"C:\Courses\Sem-2\PES\Assignments\Course Project\Huffman_coding\KL25Z_Huffman_Encoding\utilities" -I"C:\Courses\Sem-2\PES\Assignments\Course Project\Huffman_coding\KL25Z_Huffman_Encoding\startup" -O0 -fno-common -g3 -Wall -c -fmessage-length=0 -fno-builtin -ffunction-sections -fdata-sections -fmerge-constants -fmacro-prefix-map="../source/"=. -mcpu=cortex-m0plus -mthumb -D__REDLIB__ -fstack-usage -specs=redlib.specs -MMD -MP -MF"source/huffcodes.d" -MT"source/huffcodes.o" -MT"source/huffcodes.d" -o "source/huffcodes.o" "../source/huffcodes.c"
../source/huffcodes.c: In function 'huffman_encode':
../source/huffcodes.c:15:35: error: expected ',' or ';' before ')' token
   15 | #define min(a,b) ((a)<(b))?(a):(b))
      |                                   ^
../source/huffcodes.c:37:21: note: in expansion of macro 'min'
   37 |    int this_write = min(8-bits_written, code_bits);
      |                     ^~~
make: *** [source/subdir.mk:41: source/huffcodes.o] Error 1
"make -r -j16 all" terminated with exit code 2. Build might be incomplete.
05:43:53 **** Incremental Build of configuration Debug for project KL25Z_Huffman_Encoding ****
make -r -j16 all 
Building file: ../source/huffcodes.c
Invoking: MCU C Compiler
arm-none-eabi-gcc -D__REDLIB__ -DCPU_MKL25Z128VLK4 -DCPU_MKL25Z128VLK4_cm0plus -DFSL_RTOS_BM -DSDK_OS_BAREMETAL -DSDK_DEBUGCONSOLE=0 -DCR_INTEGER_PRINTF -DPRINTF_FLOAT_ENABLE=0 -DSDK_DEBUGCONSOLE_UART -D__MCUXPRESSO -D__USE_CMSIS -DDEBUG -I"C:\Courses\Sem-2\PES\Assignments\Course Project\Huffman_coding\KL25Z_Huffman_Encoding\board" -I"C:\Courses\Sem-2\PES\Assignments\Course Project\Huffman_coding\KL25Z_Huffman_Encoding\source" -I"C:\Courses\Sem-2\PES\Assignments\Course Project\Huffman_coding\KL25Z_Huffman_Encoding" -I"C:\Courses\Sem-2\PES\Assignments\Course Project\Huffman_coding\KL25Z_Huffman_Encoding\drivers" -I"C:\Courses\Sem-2\PES\Assignments\Course Project\Huffman_coding\KL25Z_Huffman_Encoding\CMSIS" -I"C:\Courses\Sem-2\PES\Assignments\Course Project\Huffman_coding\KL25Z_Huffman_Encoding\utilities" -I"C:\Courses\Sem-2\PES\Assignments\Course Project\Huffman_coding\KL25Z_Huffman_Encoding\startup" -O0 -fno-common -g3 -Wall -c -fmessage-length=0 -fno-builtin -ffunction-sections -fdata-sections -fmerge-constants -fmacro-prefix-map="../source/"=. -mcpu=cortex-m0plus -mthumb -D__REDLIB__ -fstack-usage -specs=redlib.specs -MMD -MP -MF"source/huffcodes.d" -MT"source/huffcodes.o" -MT"source/huffcodes.d" -o "source/huffcodes.o" "../source/huffcodes.c"
../source/huffcodes.c: In function 'huffman_encode':
../source/huffcodes.c:15:35: error: expected ',' or ';' before ')' token
   15 | #define min(a,b) ((a)<(b))?(a):(b))
      |                                   ^
../source/huffcodes.c:37:21: note: in expansion of macro 'min'
   37 |    int this_write = min(8-bits_written, code_bits);
      |                     ^~~
make: *** [source/subdir.mk:41: source/huffcodes.o] Error 1
"make -r -j16 all" terminated with exit code 2. Build might be incomplete.
05:44:10 **** Incremental Build of configuration Debug for project KL25Z_Huffman_Encoding ****
make -r -j16 all 
Building file: ../source/huffcodes.c
Invoking: MCU C Compiler
arm-none-eabi-gcc -D__REDLIB__ -DCPU_MKL25Z128VLK4 -DCPU_MKL25Z128VLK4_cm0plus -DFSL_RTOS_BM -DSDK_OS_BAREMETAL -DSDK_DEBUGCONSOLE=0 -DCR_INTEGER_PRINTF -DPRINTF_FLOAT_ENABLE=0 -DSDK_DEBUGCONSOLE_UART -D__MCUXPRESSO -D__USE_CMSIS -DDEBUG -I"C:\Courses\Sem-2\PES\Assignments\Course Project\Huffman_coding\KL25Z_Huffman_Encoding\board" -I"C:\Courses\Sem-2\PES\Assignments\Course Project\Huffman_coding\KL25Z_Huffman_Encoding\source" -I"C:\Courses\Sem-2\PES\Assignments\Course Project\Huffman_coding\KL25Z_Huffman_Encoding" -I"C:\Courses\Sem-2\PES\Assignments\Course Project\Huffman_coding\KL25Z_Huffman_Encoding\drivers" -I"C:\Courses\Sem-2\PES\Assignments\Course Project\Huffman_coding\KL25Z_Huffman_Encoding\CMSIS" -I"C:\Courses\Sem-2\PES\Assignments\Course Project\Huffman_coding\KL25Z_Huffman_Encoding\utilities" -I"C:\Courses\Sem-2\PES\Assignments\Course Project\Huffman_coding\KL25Z_Huffman_Encoding\startup" -O0 -fno-common -g3 -Wall -c -fmessage-length=0 -fno-builtin -ffunction-sections -fdata-sections -fmerge-constants -fmacro-prefix-map="../source/"=. -mcpu=cortex-m0plus -mthumb -D__REDLIB__ -fstack-usage -specs=redlib.specs -MMD -MP -MF"source/huffcodes.d" -MT"source/huffcodes.o" -MT"source/huffcodes.d" -o "source/huffcodes.o" "../source/huffcodes.c"
Finished building: ../source/huffcodes.c
 
Building target: KL25Z_Huffman_Encoding.axf
Invoking: MCU Linker
arm-none-eabi-gcc -nostdlib -Xlinker -Map="KL25Z_Huffman_Encoding.map" -Xlinker --gc-sections -Xlinker -print-memory-usage -Xlinker --sort-section=alignment -Xlinker --cref -mcpu=cortex-m0plus -mthumb -T KL25Z_Huffman_Encoding_Debug.ld -o "KL25Z_Huffman_Encoding.axf"  ./utilities/fsl_debug_console.o  ./startup/startup_mkl25z4.o  ./source/KL25Z_Huffman_Encoding.o ./source/cbfifo.o ./source/huffcodes.o ./source/mtb.o ./source/semihost_hardfault.o ./source/sysclock.o ./source/test_cbfifo.o ./source/uart.o  ./drivers/fsl_clock.o ./drivers/fsl_common.o ./drivers/fsl_flash.o ./drivers/fsl_gpio.o ./drivers/fsl_lpsci.o ./drivers/fsl_smc.o ./drivers/fsl_uart.o  ./board/board.o ./board/clock_config.o ./board/peripherals.o ./board/pin_mux.o  ./CMSIS/system_MKL25Z4.o   
Memory region         Used Size  Region Size  %age Used
   PROGRAM_FLASH:       10348 B       128 KB      7.89%
            SRAM:        4508 B        16 KB     27.51%
Finished building target: KL25Z_Huffman_Encoding.axf
 
make --no-print-directory post-build
Performing post-build steps
arm-none-eabi-size "KL25Z_Huffman_Encoding.axf"; # arm-none-eabi-objcopy -v -O binary "KL25Z_Huffman_Encoding.axf" "KL25Z_Huffman_Encoding.bin" ; # checksum -p MKL25Z128xxx4 -d "KL25Z_Huffman_Encoding.bin";
   text	   data	    bss	    dec	    hex	filename
   9784	    564	   3944	  14292	   37d4	KL25Z_Huffman_Encoding.axf
 
05:58:02 **** Incremental Build of configuration Debug for project KL25Z_Huffman_Encoding ****
make -r -j16 all 
make: Nothing to be done for 'all'.
05:58:09 **** Incremental Build of configuration Debug for project KL25Z_Huffman_Encoding ****
make -r -j16 all 
make: Nothing to be done for 'all'.
05:58:57 **** Incremental Build of configuration Debug for project KL25Z_Huffman_Encoding ****
make -r -j16 all 
make: Nothing to be done for 'all'.
06:00:36 **** Incremental Build of configuration Debug for project KL25Z_Huffman_Encoding ****
make -r -j16 all 
make: Nothing to be done for 'all'.
06:12:31 **** Incremental Build of configuration Debug for project KL25Z_Huffman_Encoding ****
make -r -j16 all 
Building file: ../source/KL25Z_Huffman_Encoding.c
Invoking: MCU C Compiler
arm-none-eabi-gcc -D__REDLIB__ -DCPU_MKL25Z128VLK4 -DCPU_MKL25Z128VLK4_cm0plus -DFSL_RTOS_BM -DSDK_OS_BAREMETAL -DSDK_DEBUGCONSOLE=0 -DCR_INTEGER_PRINTF -DPRINTF_FLOAT_ENABLE=0 -DSDK_DEBUGCONSOLE_UART -D__MCUXPRESSO -D__USE_CMSIS -DDEBUG -I"C:\Courses\Sem-2\PES\Assignments\Course Project\Huffman_coding\KL25Z_Huffman_Encoding\board" -I"C:\Courses\Sem-2\PES\Assignments\Course Project\Huffman_coding\KL25Z_Huffman_Encoding\source" -I"C:\Courses\Sem-2\PES\Assignments\Course Project\Huffman_coding\KL25Z_Huffman_Encoding" -I"C:\Courses\Sem-2\PES\Assignments\Course Project\Huffman_coding\KL25Z_Huffman_Encoding\drivers" -I"C:\Courses\Sem-2\PES\Assignments\Course Project\Huffman_coding\KL25Z_Huffman_Encoding\CMSIS" -I"C:\Courses\Sem-2\PES\Assignments\Course Project\Huffman_coding\KL25Z_Huffman_Encoding\utilities" -I"C:\Courses\Sem-2\PES\Assignments\Course Project\Huffman_coding\KL25Z_Huffman_Encoding\startup" -O0 -fno-common -g3 -Wall -c -fmessage-length=0 -fno-builtin -ffunction-sections -fdata-sections -fmerge-constants -fmacro-prefix-map="../source/"=. -mcpu=cortex-m0plus -mthumb -D__REDLIB__ -fstack-usage -specs=redlib.specs -MMD -MP -MF"source/KL25Z_Huffman_Encoding.d" -MT"source/KL25Z_Huffman_Encoding.o" -MT"source/KL25Z_Huffman_Encoding.d" -o "source/KL25Z_Huffman_Encoding.o" "../source/KL25Z_Huffman_Encoding.c"
Finished building: ../source/KL25Z_Huffman_Encoding.c
 
Building target: KL25Z_Huffman_Encoding.axf
Invoking: MCU Linker
arm-none-eabi-gcc -nostdlib -Xlinker -Map="KL25Z_Huffman_Encoding.map" -Xlinker --gc-sections -Xlinker -print-memory-usage -Xlinker --sort-section=alignment -Xlinker --cref -mcpu=cortex-m0plus -mthumb -T KL25Z_Huffman_Encoding_Debug.ld -o "KL25Z_Huffman_Encoding.axf"  ./utilities/fsl_debug_console.o  ./startup/startup_mkl25z4.o  ./source/KL25Z_Huffman_Encoding.o ./source/cbfifo.o ./source/huffcodes.o ./source/mtb.o ./source/semihost_hardfault.o ./source/sysclock.o ./source/test_cbfifo.o ./source/uart.o  ./drivers/fsl_clock.o ./drivers/fsl_common.o ./drivers/fsl_flash.o ./drivers/fsl_gpio.o ./drivers/fsl_lpsci.o ./drivers/fsl_smc.o ./drivers/fsl_uart.o  ./board/board.o ./board/clock_config.o ./board/peripherals.o ./board/pin_mux.o  ./CMSIS/system_MKL25Z4.o   
Memory region         Used Size  Region Size  %age Used
   PROGRAM_FLASH:       10412 B       128 KB      7.94%
            SRAM:        4508 B        16 KB     27.51%
Finished building target: KL25Z_Huffman_Encoding.axf
 
make --no-print-directory post-build
Performing post-build steps
arm-none-eabi-size "KL25Z_Huffman_Encoding.axf"; # arm-none-eabi-objcopy -v -O binary "KL25Z_Huffman_Encoding.axf" "KL25Z_Huffman_Encoding.bin" ; # checksum -p MKL25Z128xxx4 -d "KL25Z_Huffman_Encoding.bin";
   text	   data	    bss	    dec	    hex	filename
   9848	    564	   3944	  14356	   3814	KL25Z_Huffman_Encoding.axf
 
06:12:46 **** Incremental Build of configuration Debug for project KL25Z_Huffman_Encoding ****
make -r -j16 all 
Building file: ../source/KL25Z_Huffman_Encoding.c
Invoking: MCU C Compiler
arm-none-eabi-gcc -D__REDLIB__ -DCPU_MKL25Z128VLK4 -DCPU_MKL25Z128VLK4_cm0plus -DFSL_RTOS_BM -DSDK_OS_BAREMETAL -DSDK_DEBUGCONSOLE=0 -DCR_INTEGER_PRINTF -DPRINTF_FLOAT_ENABLE=0 -DSDK_DEBUGCONSOLE_UART -D__MCUXPRESSO -D__USE_CMSIS -DDEBUG -I"C:\Courses\Sem-2\PES\Assignments\Course Project\Huffman_coding\KL25Z_Huffman_Encoding\board" -I"C:\Courses\Sem-2\PES\Assignments\Course Project\Huffman_coding\KL25Z_Huffman_Encoding\source" -I"C:\Courses\Sem-2\PES\Assignments\Course Project\Huffman_coding\KL25Z_Huffman_Encoding" -I"C:\Courses\Sem-2\PES\Assignments\Course Project\Huffman_coding\KL25Z_Huffman_Encoding\drivers" -I"C:\Courses\Sem-2\PES\Assignments\Course Project\Huffman_coding\KL25Z_Huffman_Encoding\CMSIS" -I"C:\Courses\Sem-2\PES\Assignments\Course Project\Huffman_coding\KL25Z_Huffman_Encoding\utilities" -I"C:\Courses\Sem-2\PES\Assignments\Course Project\Huffman_coding\KL25Z_Huffman_Encoding\startup" -O0 -fno-common -g3 -Wall -c -fmessage-length=0 -fno-builtin -ffunction-sections -fdata-sections -fmerge-constants -fmacro-prefix-map="../source/"=. -mcpu=cortex-m0plus -mthumb -D__REDLIB__ -fstack-usage -specs=redlib.specs -MMD -MP -MF"source/KL25Z_Huffman_Encoding.d" -MT"source/KL25Z_Huffman_Encoding.o" -MT"source/KL25Z_Huffman_Encoding.d" -o "source/KL25Z_Huffman_Encoding.o" "../source/KL25Z_Huffman_Encoding.c"
Finished building: ../source/KL25Z_Huffman_Encoding.c
 
Building target: KL25Z_Huffman_Encoding.axf
Invoking: MCU Linker
arm-none-eabi-gcc -nostdlib -Xlinker -Map="KL25Z_Huffman_Encoding.map" -Xlinker --gc-sections -Xlinker -print-memory-usage -Xlinker --sort-section=alignment -Xlinker --cref -mcpu=cortex-m0plus -mthumb -T KL25Z_Huffman_Encoding_Debug.ld -o "KL25Z_Huffman_Encoding.axf"  ./utilities/fsl_debug_console.o  ./startup/startup_mkl25z4.o  ./source/KL25Z_Huffman_Encoding.o ./source/cbfifo.o ./source/huffcodes.o ./source/mtb.o ./source/semihost_hardfault.o ./source/sysclock.o ./source/test_cbfifo.o ./source/uart.o  ./drivers/fsl_clock.o ./drivers/fsl_common.o ./drivers/fsl_flash.o ./drivers/fsl_gpio.o ./drivers/fsl_lpsci.o ./drivers/fsl_smc.o ./drivers/fsl_uart.o  ./board/board.o ./board/clock_config.o ./board/peripherals.o ./board/pin_mux.o  ./CMSIS/system_MKL25Z4.o   
Memory region         Used Size  Region Size  %age Used
   PROGRAM_FLASH:       10412 B       128 KB      7.94%
            SRAM:        4508 B        16 KB     27.51%
Finished building target: KL25Z_Huffman_Encoding.axf
 
make --no-print-directory post-build
Performing post-build steps
arm-none-eabi-size "KL25Z_Huffman_Encoding.axf"; # arm-none-eabi-objcopy -v -O binary "KL25Z_Huffman_Encoding.axf" "KL25Z_Huffman_Encoding.bin" ; # checksum -p MKL25Z128xxx4 -d "KL25Z_Huffman_Encoding.bin";
   text	   data	    bss	    dec	    hex	filename
   9848	    564	   3944	  14356	   3814	KL25Z_Huffman_Encoding.axf
 
06:13:12 **** Incremental Build of configuration Debug for project KL25Z_Huffman_Encoding ****
make -r -j16 all 
make: Nothing to be done for 'all'.
06:13:17 **** Incremental Build of configuration Debug for project KL25Z_Huffman_Encoding ****
make -r -j16 all 
make: Nothing to be done for 'all'.
06:13:19 **** Incremental Build of configuration Debug for project KL25Z_Huffman_Encoding ****
make -r -j16 all 
make: Nothing to be done for 'all'.
06:34:01 **** Incremental Build of configuration Debug for project KL25Z_Huffman_Encoding ****
make -r -j16 all 
make: Nothing to be done for 'all'.
10:54:08 **** Incremental Build of configuration Debug for project KL25Z_Huffman_Encoding ****
make -r -j16 all 
Building file: ../source/KL25Z_Huffman_Encoding.c
Invoking: MCU C Compiler
[...]
Memory region         Used Size  Region Size  %age Used
   PROGRAM_FLASH:       25396 B       128 KB     19.38%
            SRAM:        6616 B        16 KB     40.38%
Finished building target: KL25Z_Huffman_Encoding.axf
 
make --no-print-directory post-build
Performing post-build steps
arm-none-eabi-size "KL25Z_Huffman_Encoding.axf"; # arm-none-eabi-objcopy -v -O binary "KL25Z_Huffman_Encoding.axf" "KL25Z_Huffman_Encoding.bin" ; # checksum -p MKL25Z128xxx4 -d "KL25Z_Huffman_Encoding.bin";
   text	   data	    bss	    dec	    hex	filename
  24264	   1132	   5484	  30880	   78a0	KL25Z_Huffman_Encoding.axf
 
21:52:07 **** Incremental Build of configuration Debug for project KL25Z_Huffman_Encoding ****
make -r -j16 all 
Building file: ../source/test_cbfifo.c
Invoking: MCU C Compiler
arm-none-eabi-gcc -D__REDLIB__ -DCPU_MKL25Z128VLK4 -DCPU_MKL25Z128VLK4_cm0plus -DFSL_RTOS_BM -DSDK_OS_BAREMETAL -DSDK_DEBUGCONSOLE=0 -DCR_INTEGER_PRINTF -DPRINTF_FLOAT_ENABLE=0 -DSDK_DEBUGCONSOLE_UART -D__MCUXPRESSO -D__USE_CMSIS -DDEBUG -I"C:\Courses\Sem-2\PES\Assignments\Course Project\Huffman_coding\KL25Z_Huffman_Encoding\board" -I"C:\Courses\Sem-2\PES\Assignments\Course Project\Huffman_coding\KL25Z_Huffman_Encoding\source" -I"C:\Courses\Sem-2\PES\Assignments\Course Project\Huffman_coding\KL25Z_Huffman_Encoding" -I"C:\Courses\Sem-2\PES\Assignments\Course Project\Huffman_coding\KL25Z_Huffman_Encoding\drivers" -I"C:\Courses\Sem-2\PES\Assignments\Course Project\Huffman_coding\KL25Z_Huffman_Encoding\CMSIS" -I"C:\Courses\Sem-2\PES\Assignments\Course Project\Huffman_coding\KL25Z_Huffman_Encoding\utilities" -I"C:\Courses\Sem-2\PES\Assignments\Course Project\Huffman_coding\KL25Z_Huffman_Encoding\startup" -O0 -fno-common -g3 -Wall -c -fmessage-length=0 -fno-builtin -ffunction-sections -fdata-sections -fmerge-constants -fmacro-prefix-map="../source/"=. -mcpu=cortex-m0plus -mthumb -D__REDLIB__ -fstack-usage -specs=redlib.specs -MMD -MP -MF"source/test_cbfifo.d" -MT"source/test_cbfifo.o" -MT"source/test_cbfifo.d" -o "source/test_cbfifo.o" "../source/test_cbfifo.c"
Finished building: ../source/test_cbfifo.c
 
Building target: KL25Z_Huffman_Encoding.axf
Invoking: MCU Linker
arm-none-eabi-gcc -nostdlib -Xlinker -Map="KL25Z_Huffman_Encoding.map" -Xlinker --gc-sections -Xlinker -print-memory-usage -Xlinker --sort-section=alignment -Xlinker --cref -mcpu=cortex-m0plus -mthumb -T KL25Z_Huffman_Encoding_Debug.ld -o "KL25Z_Huffman_Encoding.axf"  ./utilities/fsl_debug_console.o  ./startup/startup_mkl25z4.o  ./source/KL25Z_Huffman_Encoding.o ./source/app.o ./source/cbfifo.o ./source/command_processor.o ./source/huffcodes.o ./source/mtb.o ./source/semihost_hardfault.o ./source/sysclock.o ./source/test_cbfifo.o ./source/uart.o  ./drivers/fsl_clock.o ./drivers/fsl_common.o ./drivers/fsl_flash.o ./drivers/fsl_gpio.o ./drivers/fsl_lpsci.o ./drivers/fsl_smc.o ./drivers/fsl_uart.o  ./board/board.o ./board/clock_config.o ./board/peripherals.o ./board/pin_mux.o  ./CMSIS/system_MKL25Z4.o   
Memory region         Used Size  Region Size  %age Used
   PROGRAM_FLASH:       25408 B       128 KB     19.38%
            SRAM:        6616 B        16 KB     40.38%
Finished building target: KL25Z_Huffman_Encoding.axf
 
make --no-print-directory post-build
Performing post-build steps
arm-none-eabi-size "KL25Z_Huffman_Encoding.axf"; # arm-none-eabi-objcopy -v -O binary "KL25Z_Huffman_Encoding.axf" "KL25Z_Huffman_Encoding.bin" ; # checksum -p MKL25Z128xxx4 -d "KL25Z_Huffman_Encoding.bin";
   text	   data	    bss	    dec	    hex	filename
  24276	   1132	   5484	  30892	   78ac	KL25Z_Huffman_Encoding.axf
 
21:52:13 **** Incremental Build of configuration Debug for project KL25Z_Huffman_Encoding ****
make -r -j16 all 
make: Nothing to be done for 'all'.
22:05:42 **** Incremental Build of configuration Debug for project KL25Z_Huffman_Encoding ****
make -r -j16 all 
make: Nothing to be done for 'all'.
22:05:58 **** Incremental Build of configuration Debug for project KL25Z_Huffman_Encoding ****
make -r -j16 all 
make: Nothing to be done for 'all'.
23:03:47 **** Incremental Build of configuration Debug for project KL25Z_Huffman_Encoding ****
make -r -j16 all 
Building file: ../source/command_processor.c
Invoking: MCU C Compiler
arm-none-eabi-gcc -D__REDLIB__ -DCPU_MKL25Z128VLK4 -DCPU_MKL25Z128VLK4_cm0plus -DFSL_RTOS_BM -DSDK_OS_BAREMETAL -DSDK_DEBUGCONSOLE=0 -DCR_INTEGER_PRINTF -DPRINTF_FLOAT_ENABLE=0 -DSDK_DEBUGCONSOLE_UART -D__MCUXPRESSO -D__USE_CMSIS -DDEBUG -I"C:\Courses\Sem-2\PES\Assignments\Course Project\Huffman_coding\KL25Z_Huffman_Encoding\board" -I"C:\Courses\Sem-2\PES\Assignments\Course Project\Huffman_coding\KL25Z_Huffman_Encoding\source" -I"C:\Courses\Sem-2\PES\Assignments\Course Project\Huffman_coding\KL25Z_Huffman_Encoding" -I"C:\Courses\Sem-2\PES\Assignments\Course Project\Huffman_coding\KL25Z_Huffman_Encoding\drivers" -I"C:\Courses\Sem-2\PES\Assignments\Course Project\Huffman_coding\KL25Z_Huffman_Encoding\CMSIS" -I"C:\Courses\Sem-2\PES\Assignments\Course Project\Huffman_coding\KL25Z_Huffman_Encoding\utilities" -I"C:\Courses\Sem-2\PES\Assignments\Course Project\Huffman_coding\KL25Z_Huffman_Encoding\startup" -O0 -fno-common -g3 -Wall -c -fmessage-length=0 -fno-builtin -ffunction-sections -fdata-sections -fmerge-constants -fmacro-prefix-map="../source/"=. -mcpu=cortex-m0plus -mthumb -D__REDLIB__ -fstack-usage -specs=redlib.specs -MMD -MP -MF"source/command_processor.d" -MT"source/command_processor.o" -MT"source/command_processor.d" -o "source/command_processor.o" "../source/command_processor.c"
Finished building: ../source/command_processor.c
 
Building target: KL25Z_Huffman_Encoding.axf
Invoking: MCU Linker
arm-none-eabi-gcc -nostdlib -Xlinker -Map="KL25Z_Huffman_Encoding.map" -Xlinker --gc-sections -Xlinker -print-memory-usage -Xlinker --sort-section=alignment -Xlinker --cref -mcpu=cortex-m0plus -mthumb -T KL25Z_Huffman_Encoding_Debug.ld -o "KL25Z_Huffman_Encoding.axf"  ./utilities/fsl_debug_console.o  ./startup/startup_mkl25z4.o  ./source/KL25Z_Huffman_Encoding.o ./source/app.o ./source/cbfifo.o ./source/command_processor.o ./source/huffcodes.o ./source/mtb.o ./source/semihost_hardfault.o ./source/sysclock.o ./source/test_cbfifo.o ./source/uart.o  ./drivers/fsl_clock.o ./drivers/fsl_common.o ./drivers/fsl_flash.o ./drivers/fsl_gpio.o ./drivers/fsl_lpsci.o ./drivers/fsl_smc.o ./drivers/fsl_uart.o  ./board/board.o ./board/clock_config.o ./board/peripherals.o ./board/pin_mux.o  ./CMSIS/system_MKL25Z4.o   
Memory region         Used Size  Region Size  %age Used
   PROGRAM_FLASH:       25416 B       128 KB     19.39%
            SRAM:        6620 B        16 KB     40.41%
Finished building target: KL25Z_Huffman_Encoding.axf
 
make --no-print-directory post-build
Performing post-build steps
arm-none-eabi-size "KL25Z_Huffman_Encoding.axf"; # arm-none-eabi-objcopy -v -O binary "KL25Z_Huffman_Encoding.axf" "KL25Z_Huffman_Encoding.bin" ; # checksum -p MKL25Z128xxx4 -d "KL25Z_Huffman_Encoding.bin";
   text	   data	    bss	    dec	    hex	filename
  24284	   1132	   5488	  30904	   78b8	KL25Z_Huffman_Encoding.axf
 
23:04:44 **** Incremental Build of configuration Debug for project KL25Z_Huffman_Encoding ****
make -r -j16 all 
Building file: ../source/command_processor.c
Invoking: MCU C Compiler
arm-none-eabi-gcc -D__REDLIB__ -DCPU_MKL25Z128VLK4 -DCPU_MKL25Z128VLK4_cm0plus -DFSL_RTOS_BM -DSDK_OS_BAREMETAL -DSDK_DEBUGCONSOLE=0 -DCR_INTEGER_PRINTF -DPRINTF_FLOAT_ENABLE=0 -DSDK_DEBUGCONSOLE_UART -D__MCUXPRESSO -D__USE_CMSIS -DDEBUG -I"C:\Courses\Sem-2\PES\Assignments\Course Project\Huffman_coding\KL25Z_Huffman_Encoding\board" -I"C:\Courses\Sem-2\PES\Assignments\Course Project\Huffman_coding\KL25Z_Huffman_Encoding\source" -I"C:\Courses\Sem-2\PES\Assignments\Course Project\Huffman_coding\KL25Z_Huffman_Encoding" -I"C:\Courses\Sem-2\PES\Assignments\Course Project\Huffman_coding\KL25Z_Huffman_Encoding\drivers" -I"C:\Courses\Sem-2\PES\Assignments\Course Project\Huffman_coding\KL25Z_Huffman_Encoding\CMSIS" -I"C:\Courses\Sem-2\PES\Assignments\Course Project\Huffman_coding\KL25Z_Huffman_Encoding\utilities" -I"C:\Courses\Sem-2\PES\Assignments\Course Project\Huffman_coding\KL25Z_Huffman_Encoding\startup" -O0 -fno-common -g3 -Wall -c -fmessage-length=0 -fno-builtin -ffunction-sections -fdata-sections -fmerge-constants -fmacro-prefix-map="../source/"=. -mcpu=cortex-m0plus -mthumb -D__REDLIB__ -fstack-usage -specs=redlib.specs -MMD -MP -MF"source/command_processor.d" -MT"source/command_processor.o" -MT"source/command_processor.d" -o "source/command_processor.o" "../source/command_processor.c"
Finished building: ../source/command_processor.c
 
Building target: KL25Z_Huffman_Encoding.axf
Invoking: MCU Linker
arm-none-eabi-gcc -nostdlib -Xlinker -Map="KL25Z_Huffman_Encoding.map" -Xlinker --gc-sections -Xlinker -print-memory-usage -Xlinker --sort-section=alignment -Xlinker --cref -mcpu=cortex-m0plus -mthumb -T KL25Z_Huffman_Encoding_Debug.ld -o "KL25Z_Huffman_Encoding.axf"  ./utilities/fsl_debug_console.o  ./startup/startup_mkl25z4.o  ./source/KL25Z_Huffman_Encoding.o ./source/app.o ./source/cbfifo.o ./source/command_processor.o ./source/huffcodes.o ./source/mtb.o ./source/semihost_hardfault.o ./source/sysclock.o ./source/test_cbfifo.o ./source/uart.o  ./drivers/fsl_clock.o ./drivers/fsl_common.o ./drivers/fsl_flash.o ./drivers/fsl_gpio.o ./drivers/fsl_lpsci.o ./drivers/fsl_smc.o ./drivers/fsl_uart.o  ./board/board.o ./board/clock_config.o ./board/peripherals.o ./board/pin_mux.o  ./CMSIS/system_MKL25Z4.o   
Memory region         Used Size  Region Size  %age Used
   PROGRAM_FLASH:       25508 B       128 KB     19.46%
            SRAM:        6620 B        16 KB     40.41%
Finished building target: KL25Z_Huffman_Encoding.axf
 
make --no-print-directory post-build
Performing post-build steps
arm-none-eabi-size "KL25Z_Huffman_Encoding.axf"; # arm-none-eabi-objcopy -v -O binary "KL25Z_Huffman_Encoding.axf" "KL25Z_Huffman_Encoding.bin" ; # checksum -p MKL25Z128xxx4 -d "KL25Z_Huffman_Encoding.bin";
   text	   data	    bss	    dec	    hex	filename
  24376	   1132	   5488	  30996	   7914	KL25Z_Huffman_Encoding.axf
 
23:04:53 **** Incremental Build of configuration Debug for project KL25Z_Huffman_Encoding ****
make -r -j16 all 
make: Nothing to be done for 'all'.
23:07:30 **** Incremental Build of configuration Debug for project KL25Z_Huffman_Encoding ****
make -r -j16 all 
Building file: ../source/command_processor.c
Invoking: MCU C Compiler
arm-none-eabi-gcc -D__REDLIB__ -DCPU_MKL25Z128VLK4 -DCPU_MKL25Z128VLK4_cm0plus -DFSL_RTOS_BM -DSDK_OS_BAREMETAL -DSDK_DEBUGCONSOLE=0 -DCR_INTEGER_PRINTF -DPRINTF_FLOAT_ENABLE=0 -DSDK_DEBUGCONSOLE_UART -D__MCUXPRESSO -D__USE_CMSIS -DDEBUG -I"C:\Courses\Sem-2\PES\Assignments\Course Project\Huffman_coding\KL25Z_Huffman_Encoding\board" -I"C:\Courses\Sem-2\PES\Assignments\Course Project\Huffman_coding\KL25Z_Huffman_Encoding\source" -I"C:\Courses\Sem-2\PES\Assignments\Course Project\Huffman_coding\KL25Z_Huffman_Encoding" -I"C:\Courses\Sem-2\PES\Assignments\Course Project\Huffman_coding\KL25Z_Huffman_Encoding\drivers" -I"C:\Courses\Sem-2\PES\Assignments\Course Project\Huffman_coding\KL25Z_Huffman_Encoding\CMSIS" -I"C:\Courses\Sem-2\PES\Assignments\Course Project\Huffman_coding\KL25Z_Huffman_Encoding\utilities" -I"C:\Courses\Sem-2\PES\Assignments\Course Project\Huffman_coding\KL25Z_Huffman_Encoding\startup" -O0 -fno-common -g3 -Wall -c -fmessage-length=0 -fno-builtin -ffunction-sections -fdata-sections -fmerge-constants -fmacro-prefix-map="../source/"=. -mcpu=cortex-m0plus -mthumb -D__REDLIB__ -fstack-usage -specs=redlib.specs -MMD -MP -MF"source/command_processor.d" -MT"source/command_processor.o" -MT"source/command_processor.d" -o "source/command_processor.o" "../source/command_processor.c"
Finished building: ../source/command_processor.c
 
Building target: KL25Z_Huffman_Encoding.axf
Invoking: MCU Linker
arm-none-eabi-gcc -nostdlib -Xlinker -Map="KL25Z_Huffman_Encoding.map" -Xlinker --gc-sections -Xlinker -print-memory-usage -Xlinker --sort-section=alignment -Xlinker --cref -mcpu=cortex-m0plus -mthumb -T KL25Z_Huffman_Encoding_Debug.ld -o "KL25Z_Huffman_Encoding.axf"  ./utilities/fsl_debug_console.o  ./startup/startup_mkl25z4.o  ./source/KL25Z_Huffman_Encoding.o ./source/app.o ./source/cbfifo.o ./source/command_processor.o ./source/huffcodes.o ./source/mtb.o ./source/semihost_hardfault.o ./source/sysclock.o ./source/test_cbfifo.o ./source/uart.o  ./drivers/fsl_clock.o ./drivers/fsl_common.o ./drivers/fsl_flash.o ./drivers/fsl_gpio.o ./drivers/fsl_lpsci.o ./drivers/fsl_smc.o ./drivers/fsl_uart.o  ./board/board.o ./board/clock_config.o ./board/peripherals.o ./board/pin_mux.o  ./CMSIS/system_MKL25Z4.o   
Memory region         Used Size  Region Size  %age Used
   PROGRAM_FLASH:       25508 B       128 KB     19.46%
            SRAM:        6620 B        16 KB     40.41%
Finished building target: KL25Z_Huffman_Encoding.axf
 
make --no-print-directory post-build
Performing post-build steps
arm-none-eabi-size "KL25Z_Huffman_Encoding.axf"; # arm-none-eabi-objcopy -v -O binary "KL25Z_Huffman_Encoding.axf" "KL25Z_Huffman_Encoding.bin" ; # checksum -p MKL25Z128xxx4 -d "KL25Z_Huffman_Encoding.bin";
   text	   data	    bss	    dec	    hex	filename
  24376	   1132	   5488	  30996	   7914	KL25Z_Huffman_Encoding.axf
 
23:08:28 **** Incremental Build of configuration Debug for project KL25Z_Huffman_Encoding ****
make -r -j16 all 
Building file: ../source/app.c
Invoking: MCU C Compiler
arm-none-eabi-gcc -D__REDLIB__ -DCPU_MKL25Z128VLK4 -DCPU_MKL25Z128VLK4_cm0plus -DFSL_RTOS_BM -DSDK_OS_BAREMETAL -DSDK_DEBUGCONSOLE=0 -DCR_INTEGER_PRINTF -DPRINTF_FLOAT_ENABLE=0 -DSDK_DEBUGCONSOLE_UART -D__MCUXPRESSO -D__USE_CMSIS -DDEBUG -I"C:\Courses\Sem-2\PES\Assignments\Course Project\Huffman_coding\KL25Z_Huffman_Encoding\board" -I"C:\Courses\Sem-2\PES\Assignments\Course Project\Huffman_coding\KL25Z_Huffman_Encoding\source" -I"C:\Courses\Sem-2\PES\Assignments\Course Project\Huffman_coding\KL25Z_Huffman_Encoding" -I"C:\Courses\Sem-2\PES\Assignments\Course Project\Huffman_coding\KL25Z_Huffman_Encoding\drivers" -I"C:\Courses\Sem-2\PES\Assignments\Course Project\Huffman_coding\KL25Z_Huffman_Encoding\CMSIS" -I"C:\Courses\Sem-2\PES\Assignments\Course Project\Huffman_coding\KL25Z_Huffman_Encoding\utilities" -I"C:\Courses\Sem-2\PES\Assignments\Course Project\Huffman_coding\KL25Z_Huffman_Encoding\startup" -O0 -fno-common -g3 -Wall -c -fmessage-length=0 -fno-builtin -ffunction-sections -fdata-sections -fmerge-constants -fmacro-prefix-map="../source/"=. -mcpu=cortex-m0plus -mthumb -D__REDLIB__ -fstack-usage -specs=redlib.specs -MMD -MP -MF"source/app.d" -MT"source/app.o" -MT"source/app.d" -o "source/app.o" "../source/app.c"
Finished building: ../source/app.c
 
Building target: KL25Z_Huffman_Encoding.axf
Invoking: MCU Linker
arm-none-eabi-gcc -nostdlib -Xlinker -Map="KL25Z_Huffman_Encoding.map" -Xlinker --gc-sections -Xlinker -print-memory-usage -Xlinker --sort-section=alignment -Xlinker --cref -mcpu=cortex-m0plus -mthumb -T KL25Z_Huffman_Encoding_Debug.ld -o "KL25Z_Huffman_Encoding.axf"  ./utilities/fsl_debug_console.o  ./startup/startup_mkl25z4.o  ./source/KL25Z_Huffman_Encoding.o ./source/app.o ./source/cbfifo.o ./source/command_processor.o ./source/huffcodes.o ./source/mtb.o ./source/semihost_hardfault.o ./source/sysclock.o ./source/test_cbfifo.o ./source/uart.o  ./drivers/fsl_clock.o ./drivers/fsl_common.o ./drivers/fsl_flash.o ./drivers/fsl_gpio.o ./drivers/fsl_lpsci.o ./drivers/fsl_smc.o ./drivers/fsl_uart.o  ./board/board.o ./board/clock_config.o ./board/peripherals.o ./board/pin_mux.o  ./CMSIS/system_MKL25Z4.o   
Memory region         Used Size  Region Size  %age Used
   PROGRAM_FLASH:       25508 B       128 KB     19.46%
            SRAM:        6620 B        16 KB     40.41%
Finished building target: KL25Z_Huffman_Encoding.axf
 
make --no-print-directory post-build
Performing post-build steps
arm-none-eabi-size "KL25Z_Huffman_Encoding.axf"; # arm-none-eabi-objcopy -v -O binary "KL25Z_Huffman_Encoding.axf" "KL25Z_Huffman_Encoding.bin" ; # checksum -p MKL25Z128xxx4 -d "KL25Z_Huffman_Encoding.bin";
   text	   data	    bss	    dec	    hex	filename
  24376	   1132	   5488	  30996	   7914	KL25Z_Huffman_Encoding.axf
 
23:08:45 **** Incremental Build of configuration Debug for project KL25Z_Huffman_Encoding ****
make -r -j16 all 
make: Nothing to be done for 'all'.
23:09:44 **** Incremental Build of configuration Debug for project KL25Z_Huffman_Encoding ****
make -r -j16 all 
Building file: ../source/app.c
Invoking: MCU C Compiler
arm-none-eabi-gcc -D__REDLIB__ -DCPU_MKL25Z128VLK4 -DCPU_MKL25Z128VLK4_cm0plus -DFSL_RTOS_BM -DSDK_OS_BAREMETAL -DSDK_DEBUGCONSOLE=0 -DCR_INTEGER_PRINTF -DPRINTF_FLOAT_ENABLE=0 -DSDK_DEBUGCONSOLE_UART -D__MCUXPRESSO -D__USE_CMSIS -DDEBUG -I"C:\Courses\Sem-2\PES\Assignments\Course Project\Huffman_coding\KL25Z_Huffman_Encoding\board" -I"C:\Courses\Sem-2\PES\Assignments\Course Project\Huffman_coding\KL25Z_Huffman_Encoding\source" -I"C:\Courses\Sem-2\PES\Assignments\Course Project\Huffman_coding\KL25Z_Huffman_Encoding" -I"C:\Courses\Sem-2\PES\Assignments\Course Project\Huffman_coding\KL25Z_Huffman_Encoding\drivers" -I"C:\Courses\Sem-2\PES\Assignments\Course Project\Huffman_coding\KL25Z_Huffman_Encoding\CMSIS" -I"C:\Courses\Sem-2\PES\Assignments\Course Project\Huffman_coding\KL25Z_Huffman_Encoding\utilities" -I"C:\Courses\Sem-2\PES\Assignments\Course Project\Huffman_coding\KL25Z_Huffman_Encoding\startup" -O0 -fno-common -g3 -Wall -c -fmessage-length=0 -fno-builtin -ffunction-sections -fdata-sections -fmerge-constants -fmacro-prefix-map="../source/"=. -mcpu=cortex-m0plus -mthumb -D__REDLIB__ -fstack-usage -specs=redlib.specs -MMD -MP -MF"source/app.d" -MT"source/app.o" -MT"source/app.d" -o "source/app.o" "../source/app.c"
Finished building: ../source/app.c
 
Building target: KL25Z_Huffman_Encoding.axf
Invoking: MCU Linker
arm-none-eabi-gcc -nostdlib -Xlinker -Map="KL25Z_Huffman_Encoding.map" -Xlinker --gc-sections -Xlinker -print-memory-usage -Xlinker --sort-section=alignment -Xlinker --cref -mcpu=cortex-m0plus -mthumb -T KL25Z_Huffman_Encoding_Debug.ld -o "KL25Z_Huffman_Encoding.axf"  ./utilities/fsl_debug_console.o  ./startup/startup_mkl25z4.o  ./source/KL25Z_Huffman_Encoding.o ./source/app.o ./source/cbfifo.o ./source/command_processor.o ./source/huffcodes.o ./source/mtb.o ./source/semihost_hardfault.o ./source/sysclock.o ./source/test_cbfifo.o ./source/uart.o  ./drivers/fsl_clock.o ./drivers/fsl_common.o ./drivers/fsl_flash.o ./drivers/fsl_gpio.o ./drivers/fsl_lpsci.o ./drivers/fsl_smc.o ./drivers/fsl_uart.o  ./board/board.o ./board/clock_config.o ./board/peripherals.o ./board/pin_mux.o  ./CMSIS/system_MKL25Z4.o   
Memory region         Used Size  Region Size  %age Used
   PROGRAM_FLASH:       25508 B       128 KB     19.46%
            SRAM:        6620 B        16 KB     40.41%
Finished building target: KL25Z_Huffman_Encoding.axf
 
make --no-print-directory post-build
Performing post-build steps
arm-none-eabi-size "KL25Z_Huffman_Encoding.axf"; # arm-none-eabi-objcopy -v -O binary "KL25Z_Huffman_Encoding.axf" "KL25Z_Huffman_Encoding.bin" ; # checksum -p MKL25Z128xxx4 -d "KL25Z_Huffman_Encoding.bin";
   text	   data	    bss	    dec	    hex	filename
  24376	   1132	   5488	  30996	   7914	KL25Z_Huffman_Encoding.axf
 
